Archive member included to satisfy reference by file (symbol)

/usr/lib/gcc/arm-none-eabi/9.2.1/../../../arm-none-eabi/lib/thumb/v7e-m+dp/hard/libstdc++.a(del_ops.o)
                              build/main.o (operator delete(void*, unsigned int))
/usr/lib/gcc/arm-none-eabi/9.2.1/../../../arm-none-eabi/lib/thumb/v7e-m+dp/hard/libstdc++.a(eh_arm.o)
                              build/main.o (__cxa_end_cleanup)
/usr/lib/gcc/arm-none-eabi/9.2.1/../../../arm-none-eabi/lib/thumb/v7e-m+dp/hard/libstdc++.a(eh_exception.o)
                              /usr/lib/gcc/arm-none-eabi/9.2.1/../../../arm-none-eabi/lib/thumb/v7e-m+dp/hard/libstdc++.a(eh_arm.o) (typeinfo for __cxxabiv1::__forced_unwind)
/usr/lib/gcc/arm-none-eabi/9.2.1/../../../arm-none-eabi/lib/thumb/v7e-m+dp/hard/libstdc++.a(eh_globals.o)
                              /usr/lib/gcc/arm-none-eabi/9.2.1/../../../arm-none-eabi/lib/thumb/v7e-m+dp/hard/libstdc++.a(eh_arm.o) (__cxa_get_globals)
/usr/lib/gcc/arm-none-eabi/9.2.1/../../../arm-none-eabi/lib/thumb/v7e-m+dp/hard/libstdc++.a(eh_personality.o)
                              build/main.o (__gxx_personality_v0)
/usr/lib/gcc/arm-none-eabi/9.2.1/../../../arm-none-eabi/lib/thumb/v7e-m+dp/hard/libstdc++.a(eh_terminate.o)
                              /usr/lib/gcc/arm-none-eabi/9.2.1/../../../arm-none-eabi/lib/thumb/v7e-m+dp/hard/libstdc++.a(eh_arm.o) (std::terminate())
/usr/lib/gcc/arm-none-eabi/9.2.1/../../../arm-none-eabi/lib/thumb/v7e-m+dp/hard/libstdc++.a(eh_unex_handler.o)
                              /usr/lib/gcc/arm-none-eabi/9.2.1/../../../arm-none-eabi/lib/thumb/v7e-m+dp/hard/libstdc++.a(eh_terminate.o) (__cxxabiv1::__unexpected_handler)
/usr/lib/gcc/arm-none-eabi/9.2.1/../../../arm-none-eabi/lib/thumb/v7e-m+dp/hard/libstdc++.a(new_op.o)
                              build/main.o (operator new(unsigned int))
/usr/lib/gcc/arm-none-eabi/9.2.1/../../../arm-none-eabi/lib/thumb/v7e-m+dp/hard/libstdc++.a(pure.o)
                              /usr/lib/gcc/arm-none-eabi/9.2.1/../../../arm-none-eabi/lib/thumb/v7e-m+dp/hard/libstdc++.a(eh_exception.o) (__cxa_pure_virtual)
/usr/lib/gcc/arm-none-eabi/9.2.1/../../../arm-none-eabi/lib/thumb/v7e-m+dp/hard/libstdc++.a(si_class_type_info.o)
                              /usr/lib/gcc/arm-none-eabi/9.2.1/../../../arm-none-eabi/lib/thumb/v7e-m+dp/hard/libstdc++.a(eh_exception.o) (vtable for __cxxabiv1::__si_class_type_info)
/usr/lib/gcc/arm-none-eabi/9.2.1/../../../arm-none-eabi/lib/thumb/v7e-m+dp/hard/libstdc++.a(tinfo.o)
                              /usr/lib/gcc/arm-none-eabi/9.2.1/../../../arm-none-eabi/lib/thumb/v7e-m+dp/hard/libstdc++.a(si_class_type_info.o) (std::type_info::__is_pointer_p() const)
/usr/lib/gcc/arm-none-eabi/9.2.1/../../../arm-none-eabi/lib/thumb/v7e-m+dp/hard/libstdc++.a(bad_alloc.o)
                              /usr/lib/gcc/arm-none-eabi/9.2.1/../../../arm-none-eabi/lib/thumb/v7e-m+dp/hard/libstdc++.a(new_op.o) (std::bad_alloc::~bad_alloc())
/usr/lib/gcc/arm-none-eabi/9.2.1/../../../arm-none-eabi/lib/thumb/v7e-m+dp/hard/libstdc++.a(class_type_info.o)
                              /usr/lib/gcc/arm-none-eabi/9.2.1/../../../arm-none-eabi/lib/thumb/v7e-m+dp/hard/libstdc++.a(si_class_type_info.o) (__cxxabiv1::__class_type_info::__do_upcast(__cxxabiv1::__class_type_info const*, void**) const)
/usr/lib/gcc/arm-none-eabi/9.2.1/../../../arm-none-eabi/lib/thumb/v7e-m+dp/hard/libstdc++.a(del_op.o)
                              /usr/lib/gcc/arm-none-eabi/9.2.1/../../../arm-none-eabi/lib/thumb/v7e-m+dp/hard/libstdc++.a(del_ops.o) (operator delete(void*))
/usr/lib/gcc/arm-none-eabi/9.2.1/../../../arm-none-eabi/lib/thumb/v7e-m+dp/hard/libstdc++.a(eh_alloc.o)
                              /usr/lib/gcc/arm-none-eabi/9.2.1/../../../arm-none-eabi/lib/thumb/v7e-m+dp/hard/libstdc++.a(new_op.o) (__cxa_allocate_exception)
/usr/lib/gcc/arm-none-eabi/9.2.1/../../../arm-none-eabi/lib/thumb/v7e-m+dp/hard/libstdc++.a(eh_call.o)
                              /usr/lib/gcc/arm-none-eabi/9.2.1/../../../arm-none-eabi/lib/thumb/v7e-m+dp/hard/libstdc++.a(eh_personality.o) (__cxa_call_terminate)
/usr/lib/gcc/arm-none-eabi/9.2.1/../../../arm-none-eabi/lib/thumb/v7e-m+dp/hard/libstdc++.a(eh_catch.o)
                              /usr/lib/gcc/arm-none-eabi/9.2.1/../../../arm-none-eabi/lib/thumb/v7e-m+dp/hard/libstdc++.a(eh_personality.o) (__cxa_begin_catch)
/usr/lib/gcc/arm-none-eabi/9.2.1/../../../arm-none-eabi/lib/thumb/v7e-m+dp/hard/libstdc++.a(eh_term_handler.o)
                              /usr/lib/gcc/arm-none-eabi/9.2.1/../../../arm-none-eabi/lib/thumb/v7e-m+dp/hard/libstdc++.a(eh_terminate.o) (__cxxabiv1::__terminate_handler)
/usr/lib/gcc/arm-none-eabi/9.2.1/../../../arm-none-eabi/lib/thumb/v7e-m+dp/hard/libstdc++.a(eh_throw.o)
                              /usr/lib/gcc/arm-none-eabi/9.2.1/../../../arm-none-eabi/lib/thumb/v7e-m+dp/hard/libstdc++.a(new_op.o) (__cxa_throw)
[...]
Memory Configuration

Name             Origin             Length             Attributes
DTCMRAM          0x0000000020000000 0x0000000000020000 xrw
RAM_D1           0x0000000024000000 0x0000000000050000 xrw
RAM_D2           0x0000000030000000 0x0000000000008000 xrw
RAM_D3           0x0000000038000000 0x0000000000004000 xrw
ITCMRAM          0x0000000000000000 0x0000000000010000 xrw
FLASH            0x0000000008000000 0x0000000000100000 xr
*default*        0x0000000000000000 0xffffffffffffffff

Linker script and memory map

LOAD /usr/lib/gcc/arm-none-eabi/9.2.1/thumb/v7e-m+dp/hard/crti.o
LOAD /usr/lib/gcc/arm-none-eabi/9.2.1/thumb/v7e-m+dp/hard/crtbegin.o
LOAD /usr/lib/gcc/arm-none-eabi/9.2.1/../../../arm-none-eabi/lib/thumb/v7e-m+dp/hard/crt0.o
LOAD build/freertos.o
LOAD build/stm32h7xx_it.o
LOAD build/stm32h7xx_hal_msp.o
LOAD build/stm32h7xx_hal_timebase_tim.o
LOAD build/stm32h7xx_hal_cortex.o
LOAD build/stm32h7xx_hal_rcc.o
LOAD build/stm32h7xx_hal_rcc_ex.o
LOAD build/stm32h7xx_hal_flash.o
LOAD build/stm32h7xx_hal_flash_ex.o
LOAD build/stm32h7xx_hal_gpio.o
LOAD build/stm32h7xx_hal_hsem.o
LOAD build/stm32h7xx_hal_dma.o
LOAD build/stm32h7xx_hal_dma_ex.o
LOAD build/stm32h7xx_hal_mdma.o
LOAD build/stm32h7xx_hal_pwr.o
LOAD build/stm32h7xx_hal_pwr_ex.o
LOAD build/stm32h7xx_hal.o
LOAD build/stm32h7xx_hal_i2c.o
LOAD build/stm32h7xx_hal_i2c_ex.o
LOAD build/stm32h7xx_hal_exti.o
LOAD build/stm32h7xx_hal_tim.o
LOAD build/stm32h7xx_hal_tim_ex.o
LOAD build/system_stm32h7xx.o
LOAD build/croutine.o
LOAD build/event_groups.o
LOAD build/list.o
LOAD build/queue.o
LOAD build/stream_buffer.o
LOAD build/tasks.o
LOAD build/timers.o
LOAD build/cmsis_os2.o
LOAD build/heap_4.o
LOAD build/port.o
LOAD build/LED.o
LOAD build/main.o
LOAD build/startup_stm32h733xx.o
LOAD /usr/lib/gcc/arm-none-eabi/9.2.1/../../../arm-none-eabi/lib/thumb/v7e-m+dp/hard/libnosys.a
LOAD /usr/lib/gcc/arm-none-eabi/9.2.1/../../../arm-none-eabi/lib/thumb/v7e-m+dp/hard/libstdc++.a
LOAD /usr/lib/gcc/arm-none-eabi/9.2.1/../../../arm-none-eabi/lib/thumb/v7e-m+dp/hard/libm.a
LOAD /usr/lib/gcc/arm-none-eabi/9.2.1/../../../arm-none-eabi/lib/thumb/v7e-m+dp/hard/libc.a
START GROUP
LOAD /usr/lib/gcc/arm-none-eabi/9.2.1/thumb/v7e-m+dp/hard/libgcc.a
LOAD /usr/lib/gcc/arm-none-eabi/9.2.1/../../../arm-none-eabi/lib/thumb/v7e-m+dp/hard/libc.a
END GROUP
START GROUP
LOAD /usr/lib/gcc/arm-none-eabi/9.2.1/thumb/v7e-m+dp/hard/libgcc.a
LOAD /usr/lib/gcc/arm-none-eabi/9.2.1/../../../arm-none-eabi/lib/thumb/v7e-m+dp/hard/libc.a
LOAD /usr/lib/gcc/arm-none-eabi/9.2.1/../../../arm-none-eabi/lib/thumb/v7e-m+dp/hard/libnosys.a
END GROUP
LOAD /usr/lib/gcc/arm-none-eabi/9.2.1/thumb/v7e-m+dp/hard/crtend.o
LOAD /usr/lib/gcc/arm-none-eabi/9.2.1/thumb/v7e-m+dp/hard/crtn.o
                0x0000000020020000                _estack = (ORIGIN (DTCMRAM) + LENGTH (DTCMRAM))
                0x0000000000000200                _Min_Heap_Size = 0x200
                0x0000000000000400                _Min_Stack_Size = 0x400

.isr_vector     0x0000000008000000      0x2cc
                0x0000000008000000                . = ALIGN (0x4)
 *(.isr_vector)
 .isr_vector    0x0000000008000000      0x2cc build/startup_stm32h733xx.o
                0x0000000008000000                g_pfnVectors
                0x00000000080002cc                . = ALIGN (0x4)

.text           0x00000000080002e0     0x6f78
                0x00000000080002e0                . = ALIGN (0x4)
 *(.text)
 .text          0x00000000080002e0       0x88 /usr/lib/gcc/arm-none-eabi/9.2.1/thumb/v7e-m+dp/hard/crtbegin.o
 .text          0x0000000008000368       0x10 /usr/lib/gcc/arm-none-eabi/9.2.1/../../../arm-none-eabi/lib/thumb/v7e-m+dp/hard/libc.a(lib_a-abort.o)
                0x0000000008000368                abort
 .text          0x0000000008000378        0xc /usr/lib/gcc/arm-none-eabi/9.2.1/../../../arm-none-eabi/lib/thumb/v7e-m+dp/hard/libc.a(lib_a-atexit.o)
                0x0000000008000378                atexit
 .text          0x0000000008000384       0x34 /usr/lib/gcc/arm-none-eabi/9.2.1/../../../arm-none-eabi/lib/thumb/v7e-m+dp/hard/libc.a(lib_a-fini.o)
                0x0000000008000384                __libc_fini_array
 .text          0x00000000080003b8       0x48 /usr/lib/gcc/arm-none-eabi/9.2.1/../../../arm-none-eabi/lib/thumb/v7e-m+dp/hard/libc.a(lib_a-init.o)
                0x00000000080003b8                __libc_init_array
 .text          0x0000000008000400       0x20 /usr/lib/gcc/arm-none-eabi/9.2.1/../../../arm-none-eabi/lib/thumb/v7e-m+dp/hard/libc.a(lib_a-malloc.o)
                0x0000000008000400                malloc
                0x0000000008000410                free
 .text          0x0000000008000420      0x564 /usr/lib/gcc/arm-none-eabi/9.2.1/../../../arm-none-eabi/lib/thumb/v7e-m+dp/hard/libc.a(lib_a-mallocr.o)
                0x0000000008000420                _malloc_r
 .text          0x0000000008000984      0x134 /usr/lib/gcc/arm-none-eabi/9.2.1/../../../arm-none-eabi/lib/thumb/v7e-m+dp/hard/libc.a(lib_a-memcpy.o)
                0x0000000008000984                memcpy
 .text          0x0000000008000ab8       0xa0 /usr/lib/gcc/arm-none-eabi/9.2.1/../../../arm-none-eabi/lib/thumb/v7e-m+dp/hard/libc.a(lib_a-memset.o)
                0x0000000008000ab8                memset
 .text          0x0000000008000b58        0x8 /usr/lib/gcc/arm-none-eabi/9.2.1/../../../arm-none-eabi/lib/thumb/v7e-m+dp/hard/libc.a(lib_a-mlock.o)
                0x0000000008000b58                __malloc_lock
                0x0000000008000b5c                __malloc_unlock
 .text          0x0000000008000b60       0x24 /usr/lib/gcc/arm-none-eabi/9.2.1/../../../arm-none-eabi/lib/thumb/v7e-m+dp/hard/libc.a(lib_a-sbrkr.o)
                0x0000000008000b60                _sbrk_r
 .text          0x0000000008000b84      0x15c /usr/lib/gcc/arm-none-eabi/9.2.1/../../../arm-none-eabi/lib/thumb/v7e-m+dp/hard/libc.a(lib_a-signal.o)
                0x0000000008000bac                _init_signal_r
                0x0000000008000bb8                _signal_r
                0x0000000008000bf0                _raise_r
                0x0000000008000c48                __sigtramp_r
                0x0000000008000c9c                raise
                0x0000000008000cac                signal
                0x0000000008000cbc                _init_signal
                0x0000000008000cd0                __sigtramp
 .text          0x0000000008000ce0       0x2c /usr/lib/gcc/arm-none-eabi/9.2.1/../../../arm-none-eabi/lib/thumb/v7e-m+dp/hard/libc.a(lib_a-signalr.o)
                0x0000000008000ce0                _kill_r
                0x0000000008000d08                _getpid_r
 *fill*         0x0000000008000d0c       0x14 
 .text          0x0000000008000d20      0x2dc /usr/lib/gcc/arm-none-eabi/9.2.1/../../../arm-none-eabi/lib/thumb/v7e-m+dp/hard/libc.a(lib_a-strcmp.o)
                0x0000000008000d28                strcmp
 .text          0x0000000008000ffc       0x68 /usr/lib/gcc/arm-none-eabi/9.2.1/../../../arm-none-eabi/lib/thumb/v7e-m+dp/hard/libc.a(lib_a-__atexit.o)
                0x0000000008000ffc                __register_exitproc
 .text          0x0000000008001064      0x294 /usr/lib/gcc/arm-none-eabi/9.2.1/../../../arm-none-eabi/lib/thumb/v7e-m+dp/hard/libc.a(lib_a-freer.o)
                0x0000000008001064                _malloc_trim_r
                0x0000000008001104                _free_r
 .text          0x00000000080012f8      0x9b8 /usr/lib/gcc/arm-none-eabi/9.2.1/thumb/v7e-m+dp/hard/libgcc.a(unwind-arm.o)
                0x00000000080015a0                _Unwind_GetCFA
                0x00000000080015a4                __gnu_Unwind_RaiseException
                0x0000000008001604                __gnu_Unwind_ForcedUnwind
                0x0000000008001618                __gnu_Unwind_Resume
                0x000000000800165c                __gnu_Unwind_Resume_or_Rethrow
                0x000000000800166c                _Unwind_Complete
                0x0000000008001670                _Unwind_DeleteException
                0x000000000800167c                _Unwind_VRS_Get
                0x00000000080016c4                _Unwind_VRS_Set
                0x000000000800170c                __gnu_Unwind_Backtrace
                0x0000000008001a2c                __aeabi_unwind_cpp_pr0
                0x0000000008001a30                __aeabi_unwind_cpp_pr1
                0x0000000008001a34                __aeabi_unwind_cpp_pr2
                0x0000000008001a38                _Unwind_VRS_Pop
 .text          0x0000000008001cb0      0x1ac /usr/lib/gcc/arm-none-eabi/9.2.1/thumb/v7e-m+dp/hard/libgcc.a(libunwind.o)
                0x0000000008001cb0                __restore_core_regs
                0x0000000008001cb0                restore_core_regs
                0x0000000008001cc8                __gnu_Unwind_Restore_VFP
                0x0000000008001cd0                __gnu_Unwind_Save_VFP
                0x0000000008001cd8                __gnu_Unwind_Restore_VFP_D
                0x0000000008001ce0                __gnu_Unwind_Save_VFP_D
                0x0000000008001ce8                __gnu_Unwind_Restore_VFP_D_16_to_31
                0x0000000008001cf0                __gnu_Unwind_Save_VFP_D_16_to_31
                0x0000000008001cf8                __gnu_Unwind_Restore_WMMXD
                0x0000000008001d3c                __gnu_Unwind_Save_WMMXD
                0x0000000008001d80                __gnu_Unwind_Restore_WMMXC
                0x0000000008001d94                __gnu_Unwind_Save_WMMXC
                0x0000000008001da8                ___Unwind_RaiseException
                0x0000000008001da8                _Unwind_RaiseException
                0x0000000008001dcc                ___Unwind_Resume
                0x0000000008001dcc                _Unwind_Resume
                0x0000000008001df0                _Unwind_Resume_or_Rethrow
                0x0000000008001df0                ___Unwind_Resume_or_Rethrow
                0x0000000008001e14                ___Unwind_ForcedUnwind
                0x0000000008001e14                _Unwind_ForcedUnwind
                0x0000000008001e38                _Unwind_Backtrace
                0x0000000008001e38                ___Unwind_Backtrace
 .text          0x0000000008001e5c      0x340 /usr/lib/gcc/arm-none-eabi/9.2.1/thumb/v7e-m+dp/hard/libgcc.a(pr-support.o)
                0x0000000008001eb4                __gnu_unwind_execute
                0x0000000008002150                __gnu_unwind_frame
                0x000000000800217c                _Unwind_GetRegionStart
                0x0000000008002188                _Unwind_GetLanguageSpecificData
 .text          0x000000000800219c       0x10 /usr/lib/gcc/arm-none-eabi/9.2.1/../../../arm-none-eabi/lib/thumb/v7e-m+dp/hard/libnosys.a(getpid.o)
                0x000000000800219c                _getpid
 .text          0x00000000080021ac       0x10 /usr/lib/gcc/arm-none-eabi/9.2.1/../../../arm-none-eabi/lib/thumb/v7e-m+dp/hard/libnosys.a(kill.o)
                0x00000000080021ac                _kill
 .text          0x00000000080021bc       0x1c /usr/lib/gcc/arm-none-eabi/9.2.1/../../../arm-none-eabi/lib/thumb/v7e-m+dp/hard/libnosys.a(sbrk.o)
                0x00000000080021bc                _sbrk
 .text          0x00000000080021d8        0x4 /usr/lib/gcc/arm-none-eabi/9.2.1/../../../arm-none-eabi/lib/thumb/v7e-m+dp/hard/libnosys.a(_exit.o)
                0x00000000080021d8                _exit
 *(.text*)
 .text.NMI_Handler
                0x00000000080021dc        0x2 build/stm32h7xx_it.o
                0x00000000080021dc                NMI_Handler
 .text.HardFault_Handler
                0x00000000080021de        0x2 build/stm32h7xx_it.o
                0x00000000080021de                HardFault_Handler
 .text.MemManage_Handler
                0x00000000080021e0        0x2 build/stm32h7xx_it.o
                0x00000000080021e0                MemManage_Handler
 .text.BusFault_Handler
                0x00000000080021e2        0x2 build/stm32h7xx_it.o
                0x00000000080021e2                BusFault_Handler
 .text.UsageFault_Handler
                0x00000000080021e4        0x2 build/stm32h7xx_it.o
                0x00000000080021e4                UsageFault_Handler
 .text.DebugMon_Handler
                0x00000000080021e6        0x2 build/stm32h7xx_it.o
                0x00000000080021e6                DebugMon_Handler
 .text.TIM1_UP_IRQHandler
                0x00000000080021e8       0x10 build/stm32h7xx_it.o
                0x00000000080021e8                TIM1_UP_IRQHandler
 .text.HAL_MspInit
                0x00000000080021f8       0x34 build/stm32h7xx_hal_msp.o
                0x00000000080021f8                HAL_MspInit
 .text.HAL_TIM_Base_MspInit
                0x000000000800222c       0x30 build/stm32h7xx_hal_msp.o
                0x000000000800222c                HAL_TIM_Base_MspInit
 .text.HAL_TIM_MspPostInit
                0x000000000800225c       0x5c build/stm32h7xx_hal_msp.o
                0x000000000800225c                HAL_TIM_MspPostInit
 .text.HAL_InitTick
                0x00000000080022b8       0x90 build/stm32h7xx_hal_timebase_tim.o
                0x00000000080022b8                HAL_InitTick
 .text.HAL_NVIC_SetPriorityGrouping
                0x0000000008002348       0x24 build/stm32h7xx_hal_cortex.o
                0x0000000008002348                HAL_NVIC_SetPriorityGrouping
 .text.HAL_NVIC_SetPriority
                0x000000000800236c       0x64 build/stm32h7xx_hal_cortex.o
                0x000000000800236c                HAL_NVIC_SetPriority
 .text.HAL_NVIC_EnableIRQ
                0x00000000080023d0       0x1c build/stm32h7xx_hal_cortex.o
                0x00000000080023d0                HAL_NVIC_EnableIRQ
 .text.HAL_RCC_OscConfig
                0x00000000080023ec      0x5ec build/stm32h7xx_hal_rcc.o
                0x00000000080023ec                HAL_RCC_OscConfig
 .text.HAL_RCC_GetSysClockFreq
                0x00000000080029d8      0x1f4 build/stm32h7xx_hal_rcc.o
                0x00000000080029d8                HAL_RCC_GetSysClockFreq
 .text.HAL_RCC_ClockConfig
                0x0000000008002bcc      0x294 build/stm32h7xx_hal_rcc.o
                0x0000000008002bcc                HAL_RCC_ClockConfig
 .text.HAL_RCC_GetHCLKFreq
                0x0000000008002e60       0x44 build/stm32h7xx_hal_rcc.o
                0x0000000008002e60                HAL_RCC_GetHCLKFreq
 .text.HAL_RCC_GetPCLK2Freq
                0x0000000008002ea4       0x24 build/stm32h7xx_hal_rcc.o
                0x0000000008002ea4                HAL_RCC_GetPCLK2Freq
 .text.HAL_RCC_GetClockConfig
                0x0000000008002ec8       0x54 build/stm32h7xx_hal_rcc.o
                0x0000000008002ec8                HAL_RCC_GetClockConfig
 .text.HAL_GPIO_Init
                0x0000000008002f1c      0x1e0 build/stm32h7xx_hal_gpio.o
                0x0000000008002f1c                HAL_GPIO_Init
 .text.HAL_GPIO_WritePin
                0x00000000080030fc        0xc build/stm32h7xx_hal_gpio.o
                0x00000000080030fc                HAL_GPIO_WritePin
 .text.HAL_GPIO_TogglePin
                0x0000000008003108       0x12 build/stm32h7xx_hal_gpio.o
                0x0000000008003108                HAL_GPIO_TogglePin
 *fill*         0x000000000800311a        0x2 
 .text.HAL_PWREx_ConfigSupply
                0x000000000800311c       0x54 build/stm32h7xx_hal_pwr_ex.o
                0x000000000800311c                HAL_PWREx_ConfigSupply
 .text.HAL_Init
                0x0000000008003170       0x5c build/stm32h7xx_hal.o
                0x0000000008003170                HAL_Init
 .text.HAL_IncTick
                0x00000000080031cc       0x18 build/stm32h7xx_hal.o
                0x00000000080031cc                HAL_IncTick
 .text.HAL_GetTick
                0x00000000080031e4        0xc build/stm32h7xx_hal.o
                0x00000000080031e4                HAL_GetTick
 .text.TIM_OC1_SetConfig
                0x00000000080031f0       0xa4 build/stm32h7xx_hal_tim.o
 .text.TIM_OC3_SetConfig
                0x0000000008003294       0x94 build/stm32h7xx_hal_tim.o
 .text.TIM_OC4_SetConfig
                0x0000000008003328       0x74 build/stm32h7xx_hal_tim.o
 .text.TIM_OC5_SetConfig
                0x000000000800339c       0x74 build/stm32h7xx_hal_tim.o
 .text.TIM_OC6_SetConfig
                0x0000000008003410       0x74 build/stm32h7xx_hal_tim.o
 .text.TIM_TI1_ConfigInputStage
                0x0000000008003484       0x24 build/stm32h7xx_hal_tim.o
 .text.TIM_TI2_ConfigInputStage
                0x00000000080034a8       0x26 build/stm32h7xx_hal_tim.o
 *fill*         0x00000000080034ce        0x2 
 .text.TIM_ITRx_SetConfig
                0x00000000080034d0       0x14 build/stm32h7xx_hal_tim.o
 .text.HAL_TIM_Base_Start_IT
                0x00000000080034e4       0xa0 build/stm32h7xx_hal_tim.o
                0x00000000080034e4                HAL_TIM_Base_Start_IT
 .text.HAL_TIM_OC_MspInit
                0x0000000008003584        0x2 build/stm32h7xx_hal_tim.o
                0x0000000008003584                HAL_TIM_OC_MspInit
 .text.HAL_TIM_OC_DelayElapsedCallback
                0x0000000008003586        0x2 build/stm32h7xx_hal_tim.o
                0x0000000008003586                HAL_TIM_OC_DelayElapsedCallback
 .text.HAL_TIM_IC_CaptureCallback
                0x0000000008003588        0x2 build/stm32h7xx_hal_tim.o
                0x0000000008003588                HAL_TIM_IC_CaptureCallback
 .text.HAL_TIM_PWM_PulseFinishedCallback
                0x000000000800358a        0x2 build/stm32h7xx_hal_tim.o
                0x000000000800358a                HAL_TIM_PWM_PulseFinishedCallback
 .text.HAL_TIM_TriggerCallback
                0x000000000800358c        0x2 build/stm32h7xx_hal_tim.o
                0x000000000800358c                HAL_TIM_TriggerCallback
 .text.HAL_TIM_IRQHandler
                0x000000000800358e      0x19a build/stm32h7xx_hal_tim.o
                0x000000000800358e                HAL_TIM_IRQHandler
 .text.TIM_Base_SetConfig
                0x0000000008003728      0x11c build/stm32h7xx_hal_tim.o
                0x0000000008003728                TIM_Base_SetConfig
 .text.HAL_TIM_Base_Init
                0x0000000008003844       0x60 build/stm32h7xx_hal_tim.o
                0x0000000008003844                HAL_TIM_Base_Init
 .text.HAL_TIM_OC_Init
                0x00000000080038a4       0x60 build/stm32h7xx_hal_tim.o
                0x00000000080038a4                HAL_TIM_OC_Init
 .text.TIM_OC2_SetConfig
                0x0000000008003904       0x94 build/stm32h7xx_hal_tim.o
                0x0000000008003904                TIM_OC2_SetConfig
 .text.HAL_TIM_OC_ConfigChannel
                0x0000000008003998       0x7a build/stm32h7xx_hal_tim.o
                0x0000000008003998                HAL_TIM_OC_ConfigChannel
 .text.TIM_ETR_SetConfig
                0x0000000008003a12       0x18 build/stm32h7xx_hal_tim.o
                0x0000000008003a12                TIM_ETR_SetConfig
 *fill*         0x0000000008003a2a        0x2 
 .text.HAL_TIM_ConfigClockSource
                0x0000000008003a2c      0x138 build/stm32h7xx_hal_tim.o
                0x0000000008003a2c                HAL_TIM_ConfigClockSource
 .text.TIM_CCxChannelCmd
                0x0000000008003b64       0x24 build/stm32h7xx_hal_tim.o
                0x0000000008003b64                TIM_CCxChannelCmd
 .text.HAL_TIM_OC_Start
                0x0000000008003b88      0x178 build/stm32h7xx_hal_tim.o
                0x0000000008003b88                HAL_TIM_OC_Start
 .text.HAL_TIMEx_MasterConfigSynchronization
                0x0000000008003d00       0xb0 build/stm32h7xx_hal_tim_ex.o
                0x0000000008003d00                HAL_TIMEx_MasterConfigSynchronization
 .text.HAL_TIMEx_CommutCallback
                0x0000000008003db0        0x2 build/stm32h7xx_hal_tim_ex.o
                0x0000000008003db0                HAL_TIMEx_CommutCallback
 .text.HAL_TIMEx_BreakCallback
                0x0000000008003db2        0x2 build/stm32h7xx_hal_tim_ex.o
                0x0000000008003db2                HAL_TIMEx_BreakCallback
 .text.HAL_TIMEx_Break2Callback
                0x0000000008003db4        0x2 build/stm32h7xx_hal_tim_ex.o
                0x0000000008003db4                HAL_TIMEx_Break2Callback
 *fill*         0x0000000008003db6        0x2 
 .text.SystemInit
                0x0000000008003db8       0xac build/system_stm32h7xx.o
                0x0000000008003db8                SystemInit
 .text.vListInitialise
                0x0000000008003e64       0x16 build/list.o
                0x0000000008003e64                vListInitialise
 .text.vListInitialiseItem
                0x0000000008003e7a        0x6 build/list.o
                0x0000000008003e7a                vListInitialiseItem
 .text.vListInsertEnd
                0x0000000008003e80       0x16 build/list.o
                0x0000000008003e80                vListInsertEnd
 .text.vListInsert
                0x0000000008003e96       0x32 build/list.o
                0x0000000008003e96                vListInsert
 .text.uxListRemove
                0x0000000008003ec8       0x26 build/list.o
                0x0000000008003ec8                uxListRemove
 .text.prvIsQueueFull
                0x0000000008003eee       0x1e build/queue.o
 .text.prvIsQueueEmpty
                0x0000000008003f0c       0x1a build/queue.o
 .text.prvCopyDataToQueue
                0x0000000008003f26       0x76 build/queue.o
 .text.prvCopyDataFromQueue
                0x0000000008003f9c       0x24 build/queue.o
 .text.prvUnlockQueue
                0x0000000008003fc0       0x6e build/queue.o
 *fill*         0x000000000800402e        0x2 
 .text.xQueueGenericReset
                0x0000000008004030       0x84 build/queue.o
                0x0000000008004030                xQueueGenericReset
 .text.prvInitialiseNewQueue
                0x00000000080040b4       0x22 build/queue.o
 .text.xQueueGenericCreateStatic
                0x00000000080040d6       0xa2 build/queue.o
                0x00000000080040d6                xQueueGenericCreateStatic
 .text.xQueueGenericSend
                0x0000000008004178      0x180 build/queue.o
                0x0000000008004178                xQueueGenericSend
 .text.xQueueGenericSendFromISR
                0x00000000080042f8       0xd0 build/queue.o
                0x00000000080042f8                xQueueGenericSendFromISR
 .text.xQueueReceive
                0x00000000080043c8      0x15c build/queue.o
                0x00000000080043c8                xQueueReceive
 .text.vQueueAddToRegistry
                0x0000000008004524       0x28 build/queue.o
                0x0000000008004524                vQueueAddToRegistry
 .text.vQueueWaitForMessageRestricted
                0x000000000800454c       0x52 build/queue.o
                0x000000000800454c                vQueueWaitForMessageRestricted
 *fill*         0x000000000800459e        0x2 
 .text.prvResetNextTaskUnblockTime
                0x00000000080045a0       0x2c build/tasks.o
 .text.prvInitialiseNewTask
                0x00000000080045cc       0x9a build/tasks.o
 *fill*         0x0000000008004666        0x2 
 .text.prvInitialiseTaskLists
                0x0000000008004668       0x68 build/tasks.o
 .text.prvAddNewTaskToReadyList
                0x00000000080046d0       0xac build/tasks.o
 .text.prvDeleteTCB
                0x000000000800477c       0x38 build/tasks.o
 .text.prvCheckTasksWaitingTermination
                0x00000000080047b4       0x4c build/tasks.o
 .text.prvIdleTask
                0x0000000008004800       0x28 build/tasks.o
 .text.prvAddCurrentTaskToDelayedList
                0x0000000008004828       0x84 build/tasks.o
 .text.xTaskCreateStatic
                0x00000000080048ac       0x74 build/tasks.o
                0x00000000080048ac                xTaskCreateStatic
 .text.xTaskCreate
                0x0000000008004920       0x68 build/tasks.o
                0x0000000008004920                xTaskCreate
 .text.vTaskStartScheduler
                0x0000000008004988       0x94 build/tasks.o
                0x0000000008004988                vTaskStartScheduler
 .text.vTaskSuspendAll
                0x0000000008004a1c       0x10 build/tasks.o
                0x0000000008004a1c                vTaskSuspendAll
 .text.xTaskGetTickCount
                0x0000000008004a2c        0xc build/tasks.o
                0x0000000008004a2c                xTaskGetTickCount
 .text.xTaskIncrementTick
                0x0000000008004a38      0x11c build/tasks.o
                0x0000000008004a38                xTaskIncrementTick
 .text.xTaskResumeAll
                0x0000000008004b54       0xf8 build/tasks.o
                0x0000000008004b54                xTaskResumeAll
 .text.vTaskDelay
                0x0000000008004c4c       0x4c build/tasks.o
                0x0000000008004c4c                vTaskDelay
 .text.vTaskSwitchContext
                0x0000000008004c98       0x98 build/tasks.o
                0x0000000008004c98                vTaskSwitchContext
 .text.vTaskPlaceOnEventList
                0x0000000008004d30       0x30 build/tasks.o
                0x0000000008004d30                vTaskPlaceOnEventList
 .text.vTaskPlaceOnEventListRestricted
                0x0000000008004d60       0x38 build/tasks.o
                0x0000000008004d60                vTaskPlaceOnEventListRestricted
 .text.xTaskRemoveFromEventList
                0x0000000008004d98       0x8c build/tasks.o
                0x0000000008004d98                xTaskRemoveFromEventList
 .text.vTaskInternalSetTimeOutState
                0x0000000008004e24       0x18 build/tasks.o
                0x0000000008004e24                vTaskInternalSetTimeOutState
 .text.xTaskCheckForTimeOut
                0x0000000008004e3c       0x84 build/tasks.o
                0x0000000008004e3c                xTaskCheckForTimeOut
 .text.vTaskMissedYield
                0x0000000008004ec0        0xc build/tasks.o
                0x0000000008004ec0                vTaskMissedYield
 .text.xTaskGetSchedulerState
                0x0000000008004ecc       0x20 build/tasks.o
                0x0000000008004ecc                xTaskGetSchedulerState
 .text.xTaskPriorityDisinherit
                0x0000000008004eec       0x90 build/tasks.o
                0x0000000008004eec                xTaskPriorityDisinherit
 .text.prvGetNextExpireTime
                0x0000000008004f7c       0x20 build/timers.o
 .text.prvInsertTimerInActiveList
                0x0000000008004f9c       0x50 build/timers.o
 .text.prvCheckForValidListAndQueue
                0x0000000008004fec       0x70 build/timers.o
 .text.prvInitialiseNewTimer
                0x000000000800505c       0x4c build/timers.o
 .text.xTimerCreateTimerTask
                0x00000000080050a8       0x64 build/timers.o
                0x00000000080050a8                xTimerCreateTimerTask
 .text.xTimerCreate
                0x000000000800510c       0x38 build/timers.o
                0x000000000800510c                xTimerCreate
 .text.xTimerCreateStatic
                0x0000000008005144       0x4e build/timers.o
                0x0000000008005144                xTimerCreateStatic
 *fill*         0x0000000008005192        0x2 
 .text.xTimerGenericCommand
                0x0000000008005194       0x6c build/timers.o
                0x0000000008005194                xTimerGenericCommand
 .text.prvSwitchTimerLists
                0x0000000008005200       0x7c build/timers.o
 .text.prvSampleTimeNow
                0x000000000800527c       0x2c build/timers.o
 .text.prvProcessExpiredTimer
                0x00000000080052a8       0x6c build/timers.o
 .text.prvProcessTimerOrBlockTask
                0x0000000008005314       0x80 build/timers.o
 .text.prvProcessReceivedCommands
                0x0000000008005394      0x10c build/timers.o
 .text.prvTimerTask
                0x00000000080054a0       0x16 build/timers.o
 .text.xTimerIsTimerActive
                0x00000000080054b6       0x34 build/timers.o
                0x00000000080054b6                xTimerIsTimerActive
 .text.pvTimerGetTimerID
                0x00000000080054ea       0x26 build/timers.o
                0x00000000080054ea                pvTimerGetTimerID
 .text.TimerCallback
                0x0000000008005510       0x10 build/cmsis_os2.o
 .text.SysTick_Handler
                0x0000000008005520       0x1c build/cmsis_os2.o
                0x0000000008005520                SysTick_Handler
 .text.osKernelInitialize
                0x000000000800553c       0x24 build/cmsis_os2.o
                0x000000000800553c                osKernelInitialize
 .text.osKernelStart
                0x0000000008005560       0x38 build/cmsis_os2.o
                0x0000000008005560                osKernelStart
 .text.osThreadNew
                0x0000000008005598       0xbc build/cmsis_os2.o
                0x0000000008005598                osThreadNew
 .text.osDelay  0x0000000008005654       0x1c build/cmsis_os2.o
                0x0000000008005654                osDelay
 .text.osTimerNew
                0x0000000008005670       0xa8 build/cmsis_os2.o
                0x0000000008005670                osTimerNew
 .text.osTimerStart
                0x0000000008005718       0x34 build/cmsis_os2.o
                0x0000000008005718                osTimerStart
 .text.osTimerStop
                0x000000000800574c       0x44 build/cmsis_os2.o
                0x000000000800574c                osTimerStop
 .text.vApplicationGetIdleTaskMemory
                0x0000000008005790       0x18 build/cmsis_os2.o
                0x0000000008005790                vApplicationGetIdleTaskMemory
 .text.vApplicationGetTimerTaskMemory
                0x00000000080057a8       0x18 build/cmsis_os2.o
                0x00000000080057a8                vApplicationGetTimerTaskMemory
 .text.prvHeapInit
                0x00000000080057c0       0x64 build/heap_4.o
 .text.prvInsertBlockIntoFreeList
                0x0000000008005824       0x58 build/heap_4.o
 .text.pvPortMalloc
                0x000000000800587c       0xfc build/heap_4.o
                0x000000000800587c                pvPortMalloc
 .text.vPortFree
                0x0000000008005978       0x7c build/heap_4.o
                0x0000000008005978                vPortFree
 .text.prvTaskExitError
                0x00000000080059f4       0x40 build/port.o
 .text.prvPortStartFirstTask
                0x0000000008005a34       0x28 build/port.o
 .text.vPortEnableVFP
                0x0000000008005a5c       0x14 build/port.o
 .text.pxPortInitialiseStack
                0x0000000008005a70       0x2c build/port.o
                0x0000000008005a70                pxPortInitialiseStack
 *fill*         0x0000000008005a9c        0x4 
 .text.SVC_Handler
                0x0000000008005aa0       0x24 build/port.o
                0x0000000008005aa0                SVC_Handler
 .text.vPortEnterCritical
                0x0000000008005ac4       0x44 build/port.o
                0x0000000008005ac4                vPortEnterCritical
 .text.vPortExitCritical
                0x0000000008005b08       0x2c build/port.o
                0x0000000008005b08                vPortExitCritical
 *fill*         0x0000000008005b34        0xc 
 .text.PendSV_Handler
                0x0000000008005b40       0x64 build/port.o
                0x0000000008005b40                PendSV_Handler
 .text.xPortSysTickHandler
                0x0000000008005ba4       0x2c build/port.o
                0x0000000008005ba4                xPortSysTickHandler
 .text.vPortSetupTimerInterrupt
                0x0000000008005bd0       0x38 build/port.o
                0x0000000008005bd0                vPortSetupTimerInterrupt
 .text.xPortStartScheduler
                0x0000000008005c08      0x110 build/port.o
                0x0000000008005c08                xPortStartScheduler
 .text.vPortValidateInterruptPriority
                0x0000000008005d18       0x5c build/port.o
                0x0000000008005d18                vPortValidateInterruptPriority
 .text._ZN8STM32LED3LEDC2EP12GPIO_TypeDeft
                0x0000000008005d74        0xa build/LED.o
                0x0000000008005d74                STM32LED::LED::LED(GPIO_TypeDef*, unsigned short)
                0x0000000008005d74                STM32LED::LED::LED(GPIO_TypeDef*, unsigned short)
 *fill*         0x0000000008005d7e        0x2 
 .text._ZN8STM32LED3LED10timer_initEv
                0x0000000008005d80       0x18 build/LED.o
                0x0000000008005d80                STM32LED::LED::timer_init()
 .text._ZN8STM32LED3LED3setENS_5stateE
                0x0000000008005d98       0x50 build/LED.o
                0x0000000008005d98                STM32LED::LED::set(STM32LED::state)
 .text._ZN8STM32LED3LED6toggleEv
                0x0000000008005de8       0x20 build/LED.o
                0x0000000008005de8                STM32LED::LED::toggle()
 .text._ZN8STM32LED3LED15toggle_callbackEPv
                0x0000000008005e08        0x8 build/LED.o
                0x0000000008005e08                STM32LED::LED::toggle_callback(void*)
 .text._ZN8STM32LED7setModeENS_5stateE
                0x0000000008005e10       0x30 build/LED.o
                0x0000000008005e10                STM32LED::setMode(STM32LED::state)
 .text._ZL12MX_GPIO_Initv
                0x0000000008005e40       0xdc build/main.o
 .text._Z16StartDefaultTaskPv
                0x0000000008005f1c        0xa build/main.o
                0x0000000008005f1c                StartDefaultTask(void*)
 *fill*         0x0000000008005f26        0x2 
 .text.HAL_TIM_PeriodElapsedCallback
                0x0000000008005f28       0x18 build/main.o
                0x0000000008005f28                HAL_TIM_PeriodElapsedCallback
 .text.Error_Handler
                0x0000000008005f40        0x4 build/main.o
                0x0000000008005f40                Error_Handler
 .text._ZL12MX_TIM2_Initv
                0x0000000008005f44       0xa8 build/main.o
 .text._Z18SystemClock_Configv
                0x0000000008005fec       0xac build/main.o
                0x0000000008005fec                SystemClock_Config()
 .text.main     0x0000000008006098       0xd4 build/main.o
                0x0000000008006098                main
 .text.Reset_Handler
                0x000000000800616c       0x50 build/startup_stm32h733xx.o
                0x000000000800616c                Reset_Handler
 .text.Default_Handler
                0x00000000080061bc        0x2 build/startup_stm32h733xx.o
                0x00000000080061bc                RTC_Alarm_IRQHandler
                0x00000000080061bc                HASH_RNG_IRQHandler
                0x00000000080061bc                EXTI2_IRQHandler
                0x00000000080061bc                TIM8_CC_IRQHandler
                0x00000000080061bc                UART8_IRQHandler
                0x00000000080061bc                SPI4_IRQHandler
                0x00000000080061bc                FDCAN3_IT0_IRQHandler
                0x00000000080061bc                TIM1_CC_IRQHandler
                0x00000000080061bc                BDMA_Channel6_IRQHandler
                0x00000000080061bc                DMA2_Stream5_IRQHandler
                0x00000000080061bc                DMA1_Stream5_IRQHandler
                0x00000000080061bc                CORDIC_IRQHandler
                0x00000000080061bc                BDMA_Channel1_IRQHandler
                0x00000000080061bc                TAMP_STAMP_IRQHandler
                0x00000000080061bc                EXTI3_IRQHandler
                0x00000000080061bc                LPTIM4_IRQHandler
                0x00000000080061bc                TIM8_TRG_COM_TIM14_IRQHandler
                0x00000000080061bc                LPTIM2_IRQHandler
                0x00000000080061bc                DFSDM1_FLT1_IRQHandler
                0x00000000080061bc                DMAMUX2_OVR_IRQHandler
                0x00000000080061bc                TIM8_UP_TIM13_IRQHandler
                0x00000000080061bc                I2C3_ER_IRQHandler
                0x00000000080061bc                DFSDM1_FLT2_IRQHandler
                0x00000000080061bc                I2C5_EV_IRQHandler
                0x00000000080061bc                USART10_IRQHandler
                0x00000000080061bc                MDMA_IRQHandler
                0x00000000080061bc                LPTIM3_IRQHandler
                0x00000000080061bc                HSEM1_IRQHandler
                0x00000000080061bc                EXTI0_IRQHandler
                0x00000000080061bc                I2C2_EV_IRQHandler
                0x00000000080061bc                DMA1_Stream2_IRQHandler
                0x00000000080061bc                FPU_IRQHandler
                0x00000000080061bc                OTG_HS_WKUP_IRQHandler
                0x00000000080061bc                FDCAN1_IT1_IRQHandler
                0x00000000080061bc                LTDC_ER_IRQHandler
                0x00000000080061bc                DMA2_Stream2_IRQHandler
                0x00000000080061bc                SPI1_IRQHandler
                0x00000000080061bc                OCTOSPI1_IRQHandler
                0x00000000080061bc                TIM6_DAC_IRQHandler
                0x00000000080061bc                DMA2_Stream3_IRQHandler
                0x00000000080061bc                OCTOSPI2_IRQHandler
                0x00000000080061bc                DFSDM1_FLT3_IRQHandler
                0x00000000080061bc                TIM23_IRQHandler
                0x00000000080061bc                USART6_IRQHandler
                0x00000000080061bc                TIM17_IRQHandler
                0x00000000080061bc                USART3_IRQHandler
                0x00000000080061bc                BDMA_Channel7_IRQHandler
                0x00000000080061bc                CRYP_IRQHandler
                0x00000000080061bc                LPTIM5_IRQHandler
                0x00000000080061bc                UART5_IRQHandler
                0x00000000080061bc                ADC3_IRQHandler
                0x00000000080061bc                DMA2_Stream0_IRQHandler
                0x00000000080061bc                TIM4_IRQHandler
                0x00000000080061bc                BDMA_Channel2_IRQHandler
                0x00000000080061bc                I2C1_EV_IRQHandler
                0x00000000080061bc                DMA1_Stream6_IRQHandler
                0x00000000080061bc                DMAMUX1_OVR_IRQHandler
                0x00000000080061bc                DMA1_Stream1_IRQHandler
                0x00000000080061bc                TIM16_IRQHandler
                0x00000000080061bc                UART4_IRQHandler
                0x00000000080061bc                BDMA_Channel5_IRQHandler
                0x00000000080061bc                TIM3_IRQHandler
                0x00000000080061bc                RCC_IRQHandler
                0x00000000080061bc                UART9_IRQHandler
                0x00000000080061bc                TIM8_BRK_TIM12_IRQHandler
                0x00000000080061bc                TIM1_TRG_COM_IRQHandler
                0x00000000080061bc                Default_Handler
                0x00000000080061bc                ECC_IRQHandler
                0x00000000080061bc                FMAC_IRQHandler
                0x00000000080061bc                CEC_IRQHandler
                0x00000000080061bc                EXTI15_10_IRQHandler
                0x00000000080061bc                BDMA_Channel0_IRQHandler
                0x00000000080061bc                ADC_IRQHandler
                0x00000000080061bc                I2C5_ER_IRQHandler
                0x00000000080061bc                OTFDEC1_IRQHandler
                0x00000000080061bc                DMA1_Stream7_IRQHandler
                0x00000000080061bc                SPI5_IRQHandler
                0x00000000080061bc                TIM7_IRQHandler
                0x00000000080061bc                FDCAN3_IT1_IRQHandler
                0x00000000080061bc                SDMMC1_IRQHandler
                0x00000000080061bc                TIM5_IRQHandler
                0x00000000080061bc                DMA2_Stream7_IRQHandler
                0x00000000080061bc                TIM15_IRQHandler
                0x00000000080061bc                PVD_AVD_IRQHandler
                0x00000000080061bc                I2C3_EV_IRQHandler
                0x00000000080061bc                EXTI9_5_IRQHandler
                0x00000000080061bc                RTC_WKUP_IRQHandler
                0x00000000080061bc                LTDC_IRQHandler
                0x00000000080061bc                ETH_WKUP_IRQHandler
                0x00000000080061bc                SPDIF_RX_IRQHandler
                0x00000000080061bc                SPI2_IRQHandler
                0x00000000080061bc                OTG_HS_EP1_IN_IRQHandler
                0x00000000080061bc                DMA1_Stream0_IRQHandler
                0x00000000080061bc                OTFDEC2_IRQHandler
                0x00000000080061bc                TIM24_IRQHandler
                0x00000000080061bc                CRS_IRQHandler
                0x00000000080061bc                EXTI4_IRQHandler
                0x00000000080061bc                FDCAN2_IT1_IRQHandler
                0x00000000080061bc                ETH_IRQHandler
                0x00000000080061bc                BDMA_Channel4_IRQHandler
                0x00000000080061bc                OTG_HS_EP1_OUT_IRQHandler
                0x00000000080061bc                WWDG_IRQHandler
                0x00000000080061bc                SPI6_IRQHandler
                0x00000000080061bc                MDIOS_IRQHandler
                0x00000000080061bc                I2C4_EV_IRQHandler
                0x00000000080061bc                FDCAN2_IT0_IRQHandler
                0x00000000080061bc                LPUART1_IRQHandler
                0x00000000080061bc                FDCAN1_IT0_IRQHandler
                0x00000000080061bc                TIM2_IRQHandler
                0x00000000080061bc                OTG_HS_IRQHandler
                0x00000000080061bc                DMA2D_IRQHandler
                0x00000000080061bc                TIM1_BRK_IRQHandler
                0x00000000080061bc                EXTI1_IRQHandler
                0x00000000080061bc                SDMMC2_IRQHandler
                0x00000000080061bc                BDMA_Channel3_IRQHandler
                0x00000000080061bc                DTS_IRQHandler
                0x00000000080061bc                UART7_IRQHandler
                0x00000000080061bc                MDIOS_WKUP_IRQHandler
                0x00000000080061bc                USART2_IRQHandler
                0x00000000080061bc                DFSDM1_FLT0_IRQHandler
                0x00000000080061bc                SAI4_IRQHandler
                0x00000000080061bc                I2C2_ER_IRQHandler
                0x00000000080061bc                DMA2_Stream1_IRQHandler
                0x00000000080061bc                FLASH_IRQHandler
                0x00000000080061bc                DMA2_Stream4_IRQHandler
                0x00000000080061bc                USART1_IRQHandler
                0x00000000080061bc                SPI3_IRQHandler
                0x00000000080061bc                WAKEUP_PIN_IRQHandler
                0x00000000080061bc                DMA1_Stream4_IRQHandler
                0x00000000080061bc                I2C1_ER_IRQHandler
                0x00000000080061bc                FMC_IRQHandler
                0x00000000080061bc                FDCAN_CAL_IRQHandler
                0x00000000080061bc                SWPMI1_IRQHandler
                0x00000000080061bc                COMP1_IRQHandler
                0x00000000080061bc                LPTIM1_IRQHandler
                0x00000000080061bc                DCMI_PSSI_IRQHandler
                0x00000000080061bc                I2C4_ER_IRQHandler
                0x00000000080061bc                DMA2_Stream6_IRQHandler
                0x00000000080061bc                SAI1_IRQHandler
                0x00000000080061bc                DMA1_Stream3_IRQHandler
 *fill*         0x00000000080061be        0x2 
 .text._ZdlPvj  0x00000000080061c0        0x4 /usr/lib/gcc/arm-none-eabi/9.2.1/../../../arm-none-eabi/lib/thumb/v7e-m+dp/hard/libstdc++.a(del_ops.o)
                0x00000000080061c0                operator delete(void*, unsigned int)
 .text.__cxa_end_cleanup
                0x00000000080061c4        0xc /usr/lib/gcc/arm-none-eabi/9.2.1/../../../arm-none-eabi/lib/thumb/v7e-m+dp/hard/libstdc++.a(eh_arm.o)
                0x00000000080061c4                __cxa_end_cleanup
 .text.__cxa_type_match
                0x00000000080061d0       0xc0 /usr/lib/gcc/arm-none-eabi/9.2.1/../../../arm-none-eabi/lib/thumb/v7e-m+dp/hard/libstdc++.a(eh_arm.o)
                0x00000000080061d0                __cxa_type_match
 .text.__cxa_begin_cleanup
                0x0000000008006290       0x64 /usr/lib/gcc/arm-none-eabi/9.2.1/../../../arm-none-eabi/lib/thumb/v7e-m+dp/hard/libstdc++.a(eh_arm.o)
                0x0000000008006290                __cxa_begin_cleanup
 .text.__gnu_end_cleanup
                0x00000000080062f4       0x70 /usr/lib/gcc/arm-none-eabi/9.2.1/../../../arm-none-eabi/lib/thumb/v7e-m+dp/hard/libstdc++.a(eh_arm.o)
                0x00000000080062f4                __gnu_end_cleanup
 .text._ZNSt9exceptionD2Ev
                0x0000000008006364        0x4 /usr/lib/gcc/arm-none-eabi/9.2.1/../../../arm-none-eabi/lib/thumb/v7e-m+dp/hard/libstdc++.a(eh_exception.o)
                0x0000000008006364                std::exception::~exception()
                0x0000000008006364                std::exception::~exception()
 .text._ZNSt13bad_exceptionD2Ev
                0x0000000008006368        0x4 /usr/lib/gcc/arm-none-eabi/9.2.1/../../../arm-none-eabi/lib/thumb/v7e-m+dp/hard/libstdc++.a(eh_exception.o)
                0x0000000008006368                std::bad_exception::~bad_exception()
                0x0000000008006368                std::bad_exception::~bad_exception()
 .text._ZNKSt13bad_exception4whatEv
                0x000000000800636c        0x8 /usr/lib/gcc/arm-none-eabi/9.2.1/../../../arm-none-eabi/lib/thumb/v7e-m+dp/hard/libstdc++.a(eh_exception.o)
                0x000000000800636c                transaction clone for std::bad_exception::what() const
                0x000000000800636c                std::bad_exception::what() const
 .text._ZNSt13bad_exceptionD0Ev
                0x0000000008006374       0x10 /usr/lib/gcc/arm-none-eabi/9.2.1/../../../arm-none-eabi/lib/thumb/v7e-m+dp/hard/libstdc++.a(eh_exception.o)
                0x0000000008006374                std::bad_exception::~bad_exception()
 .text.__cxa_get_globals_fast
                0x0000000008006384        0x8 /usr/lib/gcc/arm-none-eabi/9.2.1/../../../arm-none-eabi/lib/thumb/v7e-m+dp/hard/libstdc++.a(eh_globals.o)
                0x0000000008006384                __cxa_get_globals_fast
 .text.__cxa_get_globals
                0x000000000800638c        0x8 /usr/lib/gcc/arm-none-eabi/9.2.1/../../../arm-none-eabi/lib/thumb/v7e-m+dp/hard/libstdc++.a(eh_globals.o)
                0x000000000800638c                __cxa_get_globals
 .text._ZL28read_encoded_value_with_basehjPKhPj
                0x0000000008006394       0xc8 /usr/lib/gcc/arm-none-eabi/9.2.1/../../../arm-none-eabi/lib/thumb/v7e-m+dp/hard/libstdc++.a(eh_personality.o)
 .text._ZL21base_of_encoded_valuehP15_Unwind_Context
                0x000000000800645c       0x50 /usr/lib/gcc/arm-none-eabi/9.2.1/../../../arm-none-eabi/lib/thumb/v7e-m+dp/hard/libstdc++.a(eh_personality.o)
 .text._ZL17parse_lsda_headerP15_Unwind_ContextPKhP16lsda_header_info
                0x00000000080064ac       0x94 /usr/lib/gcc/arm-none-eabi/9.2.1/../../../arm-none-eabi/lib/thumb/v7e-m+dp/hard/libstdc++.a(eh_personality.o)
 .text.__gxx_personality_v0
                0x0000000008006540      0x4a0 /usr/lib/gcc/arm-none-eabi/9.2.1/../../../arm-none-eabi/lib/thumb/v7e-m+dp/hard/libstdc++.a(eh_personality.o)
                0x0000000008006540                __gxx_personality_v0
 .text._ZN10__cxxabiv111__terminateEPFvvE
                0x00000000080069e0       0x28 /usr/lib/gcc/arm-none-eabi/9.2.1/../../../arm-none-eabi/lib/thumb/v7e-m+dp/hard/libstdc++.a(eh_terminate.o)
                0x00000000080069e0                __cxxabiv1::__terminate(void (*)())
 .text._ZSt9terminatev
                0x0000000008006a08       0x14 /usr/lib/gcc/arm-none-eabi/9.2.1/../../../arm-none-eabi/lib/thumb/v7e-m+dp/hard/libstdc++.a(eh_terminate.o)
                0x0000000008006a08                std::terminate()
 .text._ZN10__cxxabiv112__unexpectedEPFvvE
                0x0000000008006a1c        0x8 /usr/lib/gcc/arm-none-eabi/9.2.1/../../../arm-none-eabi/lib/thumb/v7e-m+dp/hard/libstdc++.a(eh_terminate.o)
                0x0000000008006a1c                __cxxabiv1::__unexpected(void (*)())
 .text._ZSt10unexpectedv
                0x0000000008006a24       0x14 /usr/lib/gcc/arm-none-eabi/9.2.1/../../../arm-none-eabi/lib/thumb/v7e-m+dp/hard/libstdc++.a(eh_terminate.o)
                0x0000000008006a24                std::unexpected()
 .text._ZSt13get_terminatev
                0x0000000008006a38       0x10 /usr/lib/gcc/arm-none-eabi/9.2.1/../../../arm-none-eabi/lib/thumb/v7e-m+dp/hard/libstdc++.a(eh_terminate.o)
                0x0000000008006a38                std::get_terminate()
 .text._ZSt14get_unexpectedv
                0x0000000008006a48       0x10 /usr/lib/gcc/arm-none-eabi/9.2.1/../../../arm-none-eabi/lib/thumb/v7e-m+dp/hard/libstdc++.a(eh_terminate.o)
                0x0000000008006a48                std::get_unexpected()
 .text._Znwj    0x0000000008006a58       0x3c /usr/lib/gcc/arm-none-eabi/9.2.1/../../../arm-none-eabi/lib/thumb/v7e-m+dp/hard/libstdc++.a(new_op.o)
                0x0000000008006a58                operator new(unsigned int)
 .text._ZN10__cxxabiv120__si_class_type_infoD2Ev
                0x0000000008006a94       0x14 /usr/lib/gcc/arm-none-eabi/9.2.1/../../../arm-none-eabi/lib/thumb/v7e-m+dp/hard/libstdc++.a(si_class_type_info.o)
                0x0000000008006a94                __cxxabiv1::__si_class_type_info::~__si_class_type_info()
                0x0000000008006a94                __cxxabiv1::__si_class_type_info::~__si_class_type_info()
 .text._ZN10__cxxabiv120__si_class_type_infoD0Ev
                0x0000000008006aa8       0x1c /usr/lib/gcc/arm-none-eabi/9.2.1/../../../arm-none-eabi/lib/thumb/v7e-m+dp/hard/libstdc++.a(si_class_type_info.o)
                0x0000000008006aa8                __cxxabiv1::__si_class_type_info::~__si_class_type_info()
 .text._ZNK10__cxxabiv120__si_class_type_info20__do_find_public_srcEiPKvPKNS_17__class_type_infoES2_
                0x0000000008006ac4       0x3c /usr/lib/gcc/arm-none-eabi/9.2.1/../../../arm-none-eabi/lib/thumb/v7e-m+dp/hard/libstdc++.a(si_class_type_info.o)
                0x0000000008006ac4                __cxxabiv1::__si_class_type_info::__do_find_public_src(int, void const*, __cxxabiv1::__class_type_info const*, void const*) const
 .text._ZNK10__cxxabiv120__si_class_type_info12__do_dyncastEiNS_17__class_type_info10__sub_kindEPKS1_PKvS4_S6_RNS1_16__dyncast_resultE
                0x0000000008006b00       0x84 /usr/lib/gcc/arm-none-eabi/9.2.1/../../../arm-none-eabi/lib/thumb/v7e-m+dp/hard/libstdc++.a(si_class_type_info.o)
                0x0000000008006b00                __cxxabiv1::__si_class_type_info::__do_dyncast(int, __cxxabiv1::__class_type_info::__sub_kind, __cxxabiv1::__class_type_info const*, void const*, __cxxabiv1::__class_type_info const*, void const*, __cxxabiv1::__class_type_info::__dyncast_result&) const
 .text._ZNK10__cxxabiv120__si_class_type_info11__do_upcastEPKNS_17__class_type_infoEPKvRNS1_15__upcast_resultE
                0x0000000008006b84       0x2c /usr/lib/gcc/arm-none-eabi/9.2.1/../../../arm-none-eabi/lib/thumb/v7e-m+dp/hard/libstdc++.a(si_class_type_info.o)
                0x0000000008006b84                __cxxabiv1::__si_class_type_info::__do_upcast(__cxxabiv1::__class_type_info const*, void const*, __cxxabiv1::__class_type_info::__upcast_result&) const
 .text._ZNSt9type_infoD2Ev
                0x0000000008006bb0        0x4 /usr/lib/gcc/arm-none-eabi/9.2.1/../../../arm-none-eabi/lib/thumb/v7e-m+dp/hard/libstdc++.a(tinfo.o)
                0x0000000008006bb0                std::type_info::~type_info()
                0x0000000008006bb0                std::type_info::~type_info()
 .text._ZNKSt9type_info14__is_pointer_pEv
                0x0000000008006bb4        0x4 /usr/lib/gcc/arm-none-eabi/9.2.1/../../../arm-none-eabi/lib/thumb/v7e-m+dp/hard/libstdc++.a(tinfo.o)
                0x0000000008006bb4                std::type_info::__is_function_p() const
                0x0000000008006bb4                std::type_info::__is_pointer_p() const
 .text._ZNKSt9type_infoeqERKS_
                0x0000000008006bb8       0x2c /usr/lib/gcc/arm-none-eabi/9.2.1/../../../arm-none-eabi/lib/thumb/v7e-m+dp/hard/libstdc++.a(tinfo.o)
                0x0000000008006bb8                std::type_info::operator==(std::type_info const&) const
 .text._ZNKSt9bad_alloc4whatEv
                0x0000000008006be4        0x8 /usr/lib/gcc/arm-none-eabi/9.2.1/../../../arm-none-eabi/lib/thumb/v7e-m+dp/hard/libstdc++.a(bad_alloc.o)
                0x0000000008006be4                std::bad_alloc::what() const
 .text._ZNSt9bad_allocD2Ev
                0x0000000008006bec       0x14 /usr/lib/gcc/arm-none-eabi/9.2.1/../../../arm-none-eabi/lib/thumb/v7e-m+dp/hard/libstdc++.a(bad_alloc.o)
                0x0000000008006bec                std::bad_alloc::~bad_alloc()
                0x0000000008006bec                std::bad_alloc::~bad_alloc()
 .text._ZNSt9bad_allocD0Ev
                0x0000000008006c00       0x1c /usr/lib/gcc/arm-none-eabi/9.2.1/../../../arm-none-eabi/lib/thumb/v7e-m+dp/hard/libstdc++.a(bad_alloc.o)
                0x0000000008006c00                std::bad_alloc::~bad_alloc()
 .text._ZNK10__cxxabiv117__class_type_info11__do_upcastEPKS0_PPv
                0x0000000008006c1c       0x38 /usr/lib/gcc/arm-none-eabi/9.2.1/../../../arm-none-eabi/lib/thumb/v7e-m+dp/hard/libstdc++.a(class_type_info.o)
                0x0000000008006c1c                __cxxabiv1::__class_type_info::__do_upcast(__cxxabiv1::__class_type_info const*, void**) const
 .text._ZNK10__cxxabiv117__class_type_info20__do_find_public_srcEiPKvPKS0_S2_
                0x0000000008006c54        0xc /usr/lib/gcc/arm-none-eabi/9.2.1/../../../arm-none-eabi/lib/thumb/v7e-m+dp/hard/libstdc++.a(class_type_info.o)
                0x0000000008006c54                __cxxabiv1::__class_type_info::__do_find_public_src(int, void const*, __cxxabiv1::__class_type_info const*, void const*) const
 .text._ZN10__cxxabiv117__class_type_infoD2Ev
                0x0000000008006c60       0x14 /usr/lib/gcc/arm-none-eabi/9.2.1/../../../arm-none-eabi/lib/thumb/v7e-m+dp/hard/libstdc++.a(class_type_info.o)
                0x0000000008006c60                __cxxabiv1::__class_type_info::~__class_type_info()
                0x0000000008006c60                __cxxabiv1::__class_type_info::~__class_type_info()
 .text._ZN10__cxxabiv117__class_type_infoD0Ev
                0x0000000008006c74       0x1c /usr/lib/gcc/arm-none-eabi/9.2.1/../../../arm-none-eabi/lib/thumb/v7e-m+dp/hard/libstdc++.a(class_type_info.o)
                0x0000000008006c74                __cxxabiv1::__class_type_info::~__class_type_info()
 .text._ZNK10__cxxabiv117__class_type_info12__do_dyncastEiNS0_10__sub_kindEPKS0_PKvS3_S5_RNS0_16__dyncast_resultE
                0x0000000008006c90       0x44 /usr/lib/gcc/arm-none-eabi/9.2.1/../../../arm-none-eabi/lib/thumb/v7e-m+dp/hard/libstdc++.a(class_type_info.o)
                0x0000000008006c90                __cxxabiv1::__class_type_info::__do_dyncast(int, __cxxabiv1::__class_type_info::__sub_kind, __cxxabiv1::__class_type_info const*, void const*, __cxxabiv1::__class_type_info const*, void const*, __cxxabiv1::__class_type_info::__dyncast_result&) const
 .text._ZNK10__cxxabiv117__class_type_info11__do_upcastEPKS0_PKvRNS0_15__upcast_resultE
                0x0000000008006cd4       0x1c /usr/lib/gcc/arm-none-eabi/9.2.1/../../../arm-none-eabi/lib/thumb/v7e-m+dp/hard/libstdc++.a(class_type_info.o)
                0x0000000008006cd4                __cxxabiv1::__class_type_info::__do_upcast(__cxxabiv1::__class_type_info const*, void const*, __cxxabiv1::__class_type_info::__upcast_result&) const
 .text._ZNK10__cxxabiv117__class_type_info10__do_catchEPKSt9type_infoPPvj
                0x0000000008006cf0       0x2c /usr/lib/gcc/arm-none-eabi/9.2.1/../../../arm-none-eabi/lib/thumb/v7e-m+dp/hard/libstdc++.a(class_type_info.o)
                0x0000000008006cf0                __cxxabiv1::__class_type_info::__do_catch(std::type_info const*, void**, unsigned int) const
 .text._ZdlPv   0x0000000008006d1c        0x4 /usr/lib/gcc/arm-none-eabi/9.2.1/../../../arm-none-eabi/lib/thumb/v7e-m+dp/hard/libstdc++.a(del_op.o)
                0x0000000008006d1c                operator delete(void*)
 .text._ZN12_GLOBAL__N_14pool4freeEPv.constprop.0
                0x0000000008006d20       0x8c /usr/lib/gcc/arm-none-eabi/9.2.1/../../../arm-none-eabi/lib/thumb/v7e-m+dp/hard/libstdc++.a(eh_alloc.o)
 .text._ZN12_GLOBAL__N_14pool8allocateEj.constprop.0
                0x0000000008006dac       0x50 /usr/lib/gcc/arm-none-eabi/9.2.1/../../../arm-none-eabi/lib/thumb/v7e-m+dp/hard/libstdc++.a(eh_alloc.o)
 .text.__cxa_allocate_exception
                0x0000000008006dfc       0x30 /usr/lib/gcc/arm-none-eabi/9.2.1/../../../arm-none-eabi/lib/thumb/v7e-m+dp/hard/libstdc++.a(eh_alloc.o)
                0x0000000008006dfc                __cxa_allocate_exception
 .text.__cxa_free_exception
                0x0000000008006e2c       0x20 /usr/lib/gcc/arm-none-eabi/9.2.1/../../../arm-none-eabi/lib/thumb/v7e-m+dp/hard/libstdc++.a(eh_alloc.o)
                0x0000000008006e2c                __cxa_free_exception
 .text.startup._GLOBAL__sub_I__ZN9__gnu_cxx9__freeresEv
                0x0000000008006e4c       0x28 /usr/lib/gcc/arm-none-eabi/9.2.1/../../../arm-none-eabi/lib/thumb/v7e-m+dp/hard/libstdc++.a(eh_alloc.o)
 .text._ZN10__cxxabiv1L24__is_gxx_exception_classEPc
                0x0000000008006e74       0x3c /usr/lib/gcc/arm-none-eabi/9.2.1/../../../arm-none-eabi/lib/thumb/v7e-m+dp/hard/libstdc++.a(eh_call.o)
 .text.__cxa_call_terminate
                0x0000000008006eb0       0x20 /usr/lib/gcc/arm-none-eabi/9.2.1/../../../arm-none-eabi/lib/thumb/v7e-m+dp/hard/libstdc++.a(eh_call.o)
                0x0000000008006eb0                __cxa_call_terminate
 .text.unlikely.__cxa_call_unexpected
                0x0000000008006ed0       0xf0 /usr/lib/gcc/arm-none-eabi/9.2.1/../../../arm-none-eabi/lib/thumb/v7e-m+dp/hard/libstdc++.a(eh_call.o)
                0x0000000008006ed0                __cxa_call_unexpected
 .text.__cxa_begin_catch
                0x0000000008006fc0       0x7c /usr/lib/gcc/arm-none-eabi/9.2.1/../../../arm-none-eabi/lib/thumb/v7e-m+dp/hard/libstdc++.a(eh_catch.o)
                0x0000000008006fc0                __cxa_begin_catch
 .text.__cxa_end_catch
                0x000000000800703c       0x88 /usr/lib/gcc/arm-none-eabi/9.2.1/../../../arm-none-eabi/lib/thumb/v7e-m+dp/hard/libstdc++.a(eh_catch.o)
                0x000000000800703c                __cxa_end_catch
 .text._ZL23__gxx_exception_cleanup19_Unwind_Reason_CodeP21_Unwind_Control_Block
                0x00000000080070c4       0x4c /usr/lib/gcc/arm-none-eabi/9.2.1/../../../arm-none-eabi/lib/thumb/v7e-m+dp/hard/libstdc++.a(eh_throw.o)
 .text.__cxa_init_primary_exception
                0x0000000008007110       0x58 /usr/lib/gcc/arm-none-eabi/9.2.1/../../../arm-none-eabi/lib/thumb/v7e-m+dp/hard/libstdc++.a(eh_throw.o)
                0x0000000008007110                __cxa_init_primary_exception
 .text.__cxa_throw
                0x0000000008007168       0x38 /usr/lib/gcc/arm-none-eabi/9.2.1/../../../arm-none-eabi/lib/thumb/v7e-m+dp/hard/libstdc++.a(eh_throw.o)
                0x0000000008007168                __cxa_throw
 .text.__cxa_rethrow
                0x00000000080071a0       0x70 /usr/lib/gcc/arm-none-eabi/9.2.1/../../../arm-none-eabi/lib/thumb/v7e-m+dp/hard/libstdc++.a(eh_throw.o)
                0x00000000080071a0                __cxa_rethrow
 .text._ZSt15get_new_handlerv
                0x0000000008007210       0x10 /usr/lib/gcc/arm-none-eabi/9.2.1/../../../arm-none-eabi/lib/thumb/v7e-m+dp/hard/libstdc++.a(new_handler.o)
                0x0000000008007210                std::get_new_handler()
 .text.startup  0x0000000008007220       0x14 /usr/lib/gcc/arm-none-eabi/9.2.1/../../../arm-none-eabi/lib/thumb/v7e-m+dp/hard/libc.a(lib_a-__call_atexit.o)
 .text.unlikely
                0x0000000008007234        0xc /usr/lib/gcc/arm-none-eabi/9.2.1/thumb/v7e-m+dp/hard/libgcc.a(pr-support.o)
                0x0000000008007234                _Unwind_GetDataRelBase
                0x000000000800723a                _Unwind_GetTextRelBase
 *(.glue_7)
 .glue_7        0x0000000008007240        0x0 linker stubs
 *(.glue_7t)
 .glue_7t       0x0000000008007240        0x0 linker stubs
 *(.eh_frame)
 .eh_frame      0x0000000008007240        0x0 /usr/lib/gcc/arm-none-eabi/9.2.1/thumb/v7e-m+dp/hard/crtbegin.o
 *(.init)
 .init          0x0000000008007240        0x4 /usr/lib/gcc/arm-none-eabi/9.2.1/thumb/v7e-m+dp/hard/crti.o
                0x0000000008007240                _init
 .init          0x0000000008007244        0x8 /usr/lib/gcc/arm-none-eabi/9.2.1/thumb/v7e-m+dp/hard/crtn.o
 *(.fini)
 .fini          0x000000000800724c        0x4 /usr/lib/gcc/arm-none-eabi/9.2.1/thumb/v7e-m+dp/hard/crti.o
                0x000000000800724c                _fini
 .fini          0x0000000008007250        0x8 /usr/lib/gcc/arm-none-eabi/9.2.1/thumb/v7e-m+dp/hard/crtn.o
                0x0000000008007258                . = ALIGN (0x4)
                0x0000000008007258                _etext = .

.vfp11_veneer   0x0000000008007258        0x0
 .vfp11_veneer  0x0000000008007258        0x0 linker stubs

.v4_bx          0x0000000008007258        0x0
 .v4_bx         0x0000000008007258        0x0 linker stubs

.iplt           0x0000000008007258        0x0
 .iplt          0x0000000008007258        0x0 /usr/lib/gcc/arm-none-eabi/9.2.1/thumb/v7e-m+dp/hard/crtbegin.o

.rodata         0x0000000008007258      0x224
                0x0000000008007258                . = ALIGN (0x4)
 *(.rodata)
 .rodata        0x0000000008007258        0x4 /usr/lib/gcc/arm-none-eabi/9.2.1/../../../arm-none-eabi/lib/thumb/v7e-m+dp/hard/libc.a(lib_a-impure.o)
                0x0000000008007258                _global_impure_ptr
 *(.rodata*)
 .rodata.D1CorePrescTable
                0x000000000800725c       0x10 build/system_stm32h7xx.o
                0x000000000800725c                D1CorePrescTable
 .rodata.vTaskStartScheduler.str1.4
                0x000000000800726c        0x5 build/tasks.o
 *fill*         0x0000000008007271        0x3 
 .rodata.prvCheckForValidListAndQueue.str1.4
                0x0000000008007274        0x5 build/timers.o
 *fill*         0x0000000008007279        0x3 
 .rodata.xTimerCreateTimerTask.str1.4
                0x000000000800727c        0x8 build/timers.o
 .rodata.str1.4
                0x0000000008007284        0xc build/main.o
 .rodata._ZL22defaultTask_attributes
                0x0000000008007290       0x24 build/main.o
 .rodata._ZNKSt13bad_exception4whatEv.str1.4
                0x00000000080072b4       0x13 /usr/lib/gcc/arm-none-eabi/9.2.1/../../../arm-none-eabi/lib/thumb/v7e-m+dp/hard/libstdc++.a(eh_exception.o)
 *fill*         0x00000000080072c7        0x1 
 .rodata._ZTIN10__cxxabiv115__forced_unwindE
                0x00000000080072c8        0x8 /usr/lib/gcc/arm-none-eabi/9.2.1/../../../arm-none-eabi/lib/thumb/v7e-m+dp/hard/libstdc++.a(eh_exception.o)
                0x00000000080072c8                typeinfo for __cxxabiv1::__forced_unwind
 .rodata._ZTIN10__cxxabiv119__foreign_exceptionE
                0x00000000080072d0        0x8 /usr/lib/gcc/arm-none-eabi/9.2.1/../../../arm-none-eabi/lib/thumb/v7e-m+dp/hard/libstdc++.a(eh_exception.o)
                0x00000000080072d0                typeinfo for __cxxabiv1::__foreign_exception
 .rodata._ZTISt13bad_exception
                0x00000000080072d8        0xc /usr/lib/gcc/arm-none-eabi/9.2.1/../../../arm-none-eabi/lib/thumb/v7e-m+dp/hard/libstdc++.a(eh_exception.o)
                0x00000000080072d8                typeinfo for std::bad_exception
 .rodata._ZTISt9exception
                0x00000000080072e4        0x8 /usr/lib/gcc/arm-none-eabi/9.2.1/../../../arm-none-eabi/lib/thumb/v7e-m+dp/hard/libstdc++.a(eh_exception.o)
                0x00000000080072e4                typeinfo for std::exception
 .rodata._ZTSN10__cxxabiv115__forced_unwindE
                0x00000000080072ec       0x20 /usr/lib/gcc/arm-none-eabi/9.2.1/../../../arm-none-eabi/lib/thumb/v7e-m+dp/hard/libstdc++.a(eh_exception.o)
                0x00000000080072ec                typeinfo name for __cxxabiv1::__forced_unwind
 .rodata._ZTSN10__cxxabiv119__foreign_exceptionE
                0x000000000800730c       0x24 /usr/lib/gcc/arm-none-eabi/9.2.1/../../../arm-none-eabi/lib/thumb/v7e-m+dp/hard/libstdc++.a(eh_exception.o)
                0x000000000800730c                typeinfo name for __cxxabiv1::__foreign_exception
 .rodata._ZTSSt13bad_exception
                0x0000000008007330       0x12 /usr/lib/gcc/arm-none-eabi/9.2.1/../../../arm-none-eabi/lib/thumb/v7e-m+dp/hard/libstdc++.a(eh_exception.o)
                0x0000000008007330                typeinfo name for std::bad_exception
 *fill*         0x0000000008007342        0x2 
 .rodata._ZTSSt9exception
                0x0000000008007344        0xd /usr/lib/gcc/arm-none-eabi/9.2.1/../../../arm-none-eabi/lib/thumb/v7e-m+dp/hard/libstdc++.a(eh_exception.o)
                0x0000000008007344                typeinfo name for std::exception
 *fill*         0x0000000008007351        0x3 
 .rodata._ZTVSt13bad_exception
                0x0000000008007354       0x14 /usr/lib/gcc/arm-none-eabi/9.2.1/../../../arm-none-eabi/lib/thumb/v7e-m+dp/hard/libstdc++.a(eh_exception.o)
                0x0000000008007354                vtable for std::bad_exception
 .rodata._ZTIN10__cxxabiv120__si_class_type_infoE
                0x0000000008007368        0xc /usr/lib/gcc/arm-none-eabi/9.2.1/../../../arm-none-eabi/lib/thumb/v7e-m+dp/hard/libstdc++.a(si_class_type_info.o)
                0x0000000008007368                typeinfo for __cxxabiv1::__si_class_type_info
 .rodata._ZTSN10__cxxabiv120__si_class_type_infoE
                0x0000000008007374       0x25 /usr/lib/gcc/arm-none-eabi/9.2.1/../../../arm-none-eabi/lib/thumb/v7e-m+dp/hard/libstdc++.a(si_class_type_info.o)
                0x0000000008007374                typeinfo name for __cxxabiv1::__si_class_type_info
 *fill*         0x0000000008007399        0x3 
 .rodata._ZTVN10__cxxabiv120__si_class_type_infoE
                0x000000000800739c       0x2c /usr/lib/gcc/arm-none-eabi/9.2.1/../../../arm-none-eabi/lib/thumb/v7e-m+dp/hard/libstdc++.a(si_class_type_info.o)
                0x000000000800739c                vtable for __cxxabiv1::__si_class_type_info
 .rodata._ZTISt9type_info
                0x00000000080073c8        0x8 /usr/lib/gcc/arm-none-eabi/9.2.1/../../../arm-none-eabi/lib/thumb/v7e-m+dp/hard/libstdc++.a(tinfo.o)
                0x00000000080073c8                typeinfo for std::type_info
 .rodata._ZTSSt9type_info
                0x00000000080073d0        0xd /usr/lib/gcc/arm-none-eabi/9.2.1/../../../arm-none-eabi/lib/thumb/v7e-m+dp/hard/libstdc++.a(tinfo.o)
                0x00000000080073d0                typeinfo name for std::type_info
 *fill*         0x00000000080073dd        0x3 
 .rodata._ZNKSt9bad_alloc4whatEv.str1.4
                0x00000000080073e0        0xf /usr/lib/gcc/arm-none-eabi/9.2.1/../../../arm-none-eabi/lib/thumb/v7e-m+dp/hard/libstdc++.a(bad_alloc.o)
 *fill*         0x00000000080073ef        0x1 
 .rodata._ZTISt9bad_alloc
                0x00000000080073f0        0xc /usr/lib/gcc/arm-none-eabi/9.2.1/../../../arm-none-eabi/lib/thumb/v7e-m+dp/hard/libstdc++.a(bad_alloc.o)
                0x00000000080073f0                typeinfo for std::bad_alloc
 .rodata._ZTSSt9bad_alloc
                0x00000000080073fc        0xd /usr/lib/gcc/arm-none-eabi/9.2.1/../../../arm-none-eabi/lib/thumb/v7e-m+dp/hard/libstdc++.a(bad_alloc.o)
                0x00000000080073fc                typeinfo name for std::bad_alloc
 *fill*         0x0000000008007409        0x3 
 .rodata._ZTVSt9bad_alloc
                0x000000000800740c       0x14 /usr/lib/gcc/arm-none-eabi/9.2.1/../../../arm-none-eabi/lib/thumb/v7e-m+dp/hard/libstdc++.a(bad_alloc.o)
                0x000000000800740c                vtable for std::bad_alloc
 .rodata._ZTIN10__cxxabiv117__class_type_infoE
                0x0000000008007420        0xc /usr/lib/gcc/arm-none-eabi/9.2.1/../../../arm-none-eabi/lib/thumb/v7e-m+dp/hard/libstdc++.a(class_type_info.o)
                0x0000000008007420                typeinfo for __cxxabiv1::__class_type_info
 .rodata._ZTSN10__cxxabiv117__class_type_infoE
                0x000000000800742c       0x22 /usr/lib/gcc/arm-none-eabi/9.2.1/../../../arm-none-eabi/lib/thumb/v7e-m+dp/hard/libstdc++.a(class_type_info.o)
                0x000000000800742c                typeinfo name for __cxxabiv1::__class_type_info
 *fill*         0x000000000800744e        0x2 
 .rodata._ZTVN10__cxxabiv117__class_type_infoE
                0x0000000008007450       0x2c /usr/lib/gcc/arm-none-eabi/9.2.1/../../../arm-none-eabi/lib/thumb/v7e-m+dp/hard/libstdc++.a(class_type_info.o)
                0x0000000008007450                vtable for __cxxabiv1::__class_type_info
                0x000000000800747c                . = ALIGN (0x4)

.ARM.extab      0x000000000800747c      0x118
 *(.ARM.extab* .gnu.linkonce.armextab.*)
 .ARM.extab.text._ZN8STM32LED3LED6toggleEv
                0x000000000800747c        0xc build/LED.o
 .ARM.extab.text._ZN8STM32LED3LED15toggle_callbackEPv
                0x0000000008007488        0xc build/LED.o
 .ARM.extab.text._Z16StartDefaultTaskPv
                0x0000000008007494        0xc build/main.o
 .ARM.extab.text.HAL_TIM_PeriodElapsedCallback
                0x00000000080074a0        0xc build/main.o
 .ARM.extab.text.main
                0x00000000080074ac       0x2b build/main.o
 *fill*         0x00000000080074d7        0x1 
 .ARM.extab.text._ZL21base_of_encoded_valuehP15_Unwind_Context
                0x00000000080074d8        0xc /usr/lib/gcc/arm-none-eabi/9.2.1/../../../arm-none-eabi/lib/thumb/v7e-m+dp/hard/libstdc++.a(eh_personality.o)
 .ARM.extab.text.__gxx_personality_v0
                0x00000000080074e4       0x24 /usr/lib/gcc/arm-none-eabi/9.2.1/../../../arm-none-eabi/lib/thumb/v7e-m+dp/hard/libstdc++.a(eh_personality.o)
 .ARM.extab.text._ZN10__cxxabiv111__terminateEPFvvE
                0x0000000008007508       0x28 /usr/lib/gcc/arm-none-eabi/9.2.1/../../../arm-none-eabi/lib/thumb/v7e-m+dp/hard/libstdc++.a(eh_terminate.o)
 .ARM.extab.text._ZN10__cxxabiv112__unexpectedEPFvvE
                0x0000000008007530        0xc /usr/lib/gcc/arm-none-eabi/9.2.1/../../../arm-none-eabi/lib/thumb/v7e-m+dp/hard/libstdc++.a(eh_terminate.o)
 .ARM.extab.text._ZSt10unexpectedv
                0x000000000800753c        0xc /usr/lib/gcc/arm-none-eabi/9.2.1/../../../arm-none-eabi/lib/thumb/v7e-m+dp/hard/libstdc++.a(eh_terminate.o)
 .ARM.extab.text.unlikely.__cxa_call_unexpected
                0x0000000008007548       0x28 /usr/lib/gcc/arm-none-eabi/9.2.1/../../../arm-none-eabi/lib/thumb/v7e-m+dp/hard/libstdc++.a(eh_call.o)
 .ARM.extab.text.__cxa_begin_catch
                0x0000000008007570        0xc /usr/lib/gcc/arm-none-eabi/9.2.1/../../../arm-none-eabi/lib/thumb/v7e-m+dp/hard/libstdc++.a(eh_catch.o)
 .ARM.extab     0x000000000800757c       0x18 /usr/lib/gcc/arm-none-eabi/9.2.1/thumb/v7e-m+dp/hard/libgcc.a(pr-support.o)

.ARM            0x0000000008007594      0x1e0
                0x0000000008007594                __exidx_start = .
 *(.ARM.exidx*)
 .ARM.exidx.text._ZN8STM32LED3LEDC2EP12GPIO_TypeDeft
                0x000000000800764c        0x0 build/LED.o
                                          0x8 (size before relaxing)
 .ARM.exidx.text._ZN8STM32LED3LED10timer_initEv
                0x000000000800764c        0x8 build/LED.o
 .ARM.exidx.text._ZN8STM32LED3LED3setENS_5stateE
                0x0000000008007654        0x0 build/LED.o
                                          0x8 (size before relaxing)
 .ARM.exidx.text._ZN8STM32LED3LED6toggleEv
                0x0000000008007654        0x8 build/LED.o
 .ARM.exidx.text._ZN8STM32LED3LED15toggle_callbackEPv
                0x000000000800765c        0x8 build/LED.o
 .ARM.exidx.text._ZN8STM32LED7setModeENS_5stateE
                0x0000000008007664        0x8 build/LED.o
 .ARM.exidx.text._ZL12MX_GPIO_Initv
                0x000000000800766c        0x8 build/main.o
 .ARM.exidx.text._Z16StartDefaultTaskPv
                0x0000000008007674        0x8 build/main.o
 .ARM.exidx.text.HAL_TIM_PeriodElapsedCallback
                0x000000000800767c        0x8 build/main.o
 .ARM.exidx.text.Error_Handler
                0x0000000008007684        0x8 build/main.o
 .ARM.exidx.text._ZL12MX_TIM2_Initv
                0x000000000800768c        0x8 build/main.o
 .ARM.exidx.text._Z18SystemClock_Configv
                0x0000000008007694        0x8 build/main.o
 .ARM.exidx.text.main
                0x000000000800769c       0x10 build/main.o
                                          0x8 (size before relaxing)
 .ARM.exidx.text._ZdlPvj
                0x00000000080076ac        0x0 /usr/lib/gcc/arm-none-eabi/9.2.1/../../../arm-none-eabi/lib/thumb/v7e-m+dp/hard/libstdc++.a(del_ops.o)
                                          0x8 (size before relaxing)
 .ARM.exidx.text.__cxa_type_match
                0x00000000080076ac        0x8 /usr/lib/gcc/arm-none-eabi/9.2.1/../../../arm-none-eabi/lib/thumb/v7e-m+dp/hard/libstdc++.a(eh_arm.o)
 .ARM.exidx.text.__cxa_begin_cleanup
                0x00000000080076b4        0x8 /usr/lib/gcc/arm-none-eabi/9.2.1/../../../arm-none-eabi/lib/thumb/v7e-m+dp/hard/libstdc++.a(eh_arm.o)
 .ARM.exidx.text.__gnu_end_cleanup
                0x00000000080076bc        0x0 /usr/lib/gcc/arm-none-eabi/9.2.1/../../../arm-none-eabi/lib/thumb/v7e-m+dp/hard/libstdc++.a(eh_arm.o)
                                          0x8 (size before relaxing)
 .ARM.exidx.text._ZNSt9exceptionD2Ev
                0x00000000080076bc        0x0 /usr/lib/gcc/arm-none-eabi/9.2.1/../../../arm-none-eabi/lib/thumb/v7e-m+dp/hard/libstdc++.a(eh_exception.o)
                                          0x8 (size before relaxing)
 .ARM.exidx.text._ZNSt13bad_exceptionD2Ev
                0x00000000080076bc        0x0 /usr/lib/gcc/arm-none-eabi/9.2.1/../../../arm-none-eabi/lib/thumb/v7e-m+dp/hard/libstdc++.a(eh_exception.o)
                                          0x8 (size before relaxing)
 .ARM.exidx.text._ZNKSt13bad_exception4whatEv
                0x00000000080076bc        0x0 /usr/lib/gcc/arm-none-eabi/9.2.1/../../../arm-none-eabi/lib/thumb/v7e-m+dp/hard/libstdc++.a(eh_exception.o)
                                          0x8 (size before relaxing)
 .ARM.exidx.text._ZNSt13bad_exceptionD0Ev
                0x00000000080076bc        0x0 /usr/lib/gcc/arm-none-eabi/9.2.1/../../../arm-none-eabi/lib/thumb/v7e-m+dp/hard/libstdc++.a(eh_exception.o)
                                          0x8 (size before relaxing)
 .ARM.exidx.text.__cxa_get_globals_fast
                0x00000000080076bc        0x0 /usr/lib/gcc/arm-none-eabi/9.2.1/../../../arm-none-eabi/lib/thumb/v7e-m+dp/hard/libstdc++.a(eh_globals.o)
                                          0x8 (size before relaxing)
 .ARM.exidx.text.__cxa_get_globals
                0x00000000080076bc        0x0 /usr/lib/gcc/arm-none-eabi/9.2.1/../../../arm-none-eabi/lib/thumb/v7e-m+dp/hard/libstdc++.a(eh_globals.o)
                                          0x8 (size before relaxing)
 .ARM.exidx.text._ZL28read_encoded_value_with_basehjPKhPj
                0x00000000080076bc        0x8 /usr/lib/gcc/arm-none-eabi/9.2.1/../../../arm-none-eabi/lib/thumb/v7e-m+dp/hard/libstdc++.a(eh_personality.o)
 .ARM.exidx.text._ZL21base_of_encoded_valuehP15_Unwind_Context
                0x00000000080076c4        0x8 /usr/lib/gcc/arm-none-eabi/9.2.1/../../../arm-none-eabi/lib/thumb/v7e-m+dp/hard/libstdc++.a(eh_personality.o)
 .ARM.exidx.text._ZL17parse_lsda_headerP15_Unwind_ContextPKhP16lsda_header_info
                0x00000000080076cc        0x8 /usr/lib/gcc/arm-none-eabi/9.2.1/../../../arm-none-eabi/lib/thumb/v7e-m+dp/hard/libstdc++.a(eh_personality.o)
 .ARM.exidx.text.__gxx_personality_v0
                0x00000000080076d4        0x8 /usr/lib/gcc/arm-none-eabi/9.2.1/../../../arm-none-eabi/lib/thumb/v7e-m+dp/hard/libstdc++.a(eh_personality.o)
 .ARM.exidx.text._ZN10__cxxabiv111__terminateEPFvvE
                0x00000000080076dc        0x8 /usr/lib/gcc/arm-none-eabi/9.2.1/../../../arm-none-eabi/lib/thumb/v7e-m+dp/hard/libstdc++.a(eh_terminate.o)
 .ARM.exidx.text._ZSt9terminatev
                0x00000000080076e4        0x8 /usr/lib/gcc/arm-none-eabi/9.2.1/../../../arm-none-eabi/lib/thumb/v7e-m+dp/hard/libstdc++.a(eh_terminate.o)
 .ARM.exidx.text._ZN10__cxxabiv112__unexpectedEPFvvE
                0x00000000080076ec        0x8 /usr/lib/gcc/arm-none-eabi/9.2.1/../../../arm-none-eabi/lib/thumb/v7e-m+dp/hard/libstdc++.a(eh_terminate.o)
 .ARM.exidx.text._ZSt10unexpectedv
                0x00000000080076f4        0x8 /usr/lib/gcc/arm-none-eabi/9.2.1/../../../arm-none-eabi/lib/thumb/v7e-m+dp/hard/libstdc++.a(eh_terminate.o)
 .ARM.exidx.text._ZSt13get_terminatev
                0x00000000080076fc        0x8 /usr/lib/gcc/arm-none-eabi/9.2.1/../../../arm-none-eabi/lib/thumb/v7e-m+dp/hard/libstdc++.a(eh_terminate.o)
 .ARM.exidx.text._ZSt14get_unexpectedv
                0x0000000008007704        0x0 /usr/lib/gcc/arm-none-eabi/9.2.1/../../../arm-none-eabi/lib/thumb/v7e-m+dp/hard/libstdc++.a(eh_terminate.o)
                                          0x8 (size before relaxing)
 .ARM.exidx.text._Znwj
                0x0000000008007704        0x8 /usr/lib/gcc/arm-none-eabi/9.2.1/../../../arm-none-eabi/lib/thumb/v7e-m+dp/hard/libstdc++.a(new_op.o)
 .ARM.exidx.text._ZN10__cxxabiv120__si_class_type_infoD2Ev
                0x000000000800770c        0x8 /usr/lib/gcc/arm-none-eabi/9.2.1/../../../arm-none-eabi/lib/thumb/v7e-m+dp/hard/libstdc++.a(si_class_type_info.o)
 .ARM.exidx.text._ZN10__cxxabiv120__si_class_type_infoD0Ev
                0x0000000008007714        0x0 /usr/lib/gcc/arm-none-eabi/9.2.1/../../../arm-none-eabi/lib/thumb/v7e-m+dp/hard/libstdc++.a(si_class_type_info.o)
                                          0x8 (size before relaxing)
 .ARM.exidx.text._ZNK10__cxxabiv120__si_class_type_info20__do_find_public_srcEiPKvPKNS_17__class_type_infoES2_
                0x0000000008007714        0x0 /usr/lib/gcc/arm-none-eabi/9.2.1/../../../arm-none-eabi/lib/thumb/v7e-m+dp/hard/libstdc++.a(si_class_type_info.o)
                                          0x8 (size before relaxing)
 .ARM.exidx.text._ZNK10__cxxabiv120__si_class_type_info12__do_dyncastEiNS_17__class_type_info10__sub_kindEPKS1_PKvS4_S6_RNS1_16__dyncast_resultE
                0x0000000008007714        0x0 /usr/lib/gcc/arm-none-eabi/9.2.1/../../../arm-none-eabi/lib/thumb/v7e-m+dp/hard/libstdc++.a(si_class_type_info.o)
                                          0x8 (size before relaxing)
 .ARM.exidx.text._ZNK10__cxxabiv120__si_class_type_info11__do_upcastEPKNS_17__class_type_infoEPKvRNS1_15__upcast_resultE
                0x0000000008007714        0x8 /usr/lib/gcc/arm-none-eabi/9.2.1/../../../arm-none-eabi/lib/thumb/v7e-m+dp/hard/libstdc++.a(si_class_type_info.o)
 .ARM.exidx.text._ZNSt9type_infoD2Ev
                0x000000000800771c        0x8 /usr/lib/gcc/arm-none-eabi/9.2.1/../../../arm-none-eabi/lib/thumb/v7e-m+dp/hard/libstdc++.a(tinfo.o)
 .ARM.exidx.text._ZNKSt9type_info14__is_pointer_pEv
                0x0000000008007724        0x0 /usr/lib/gcc/arm-none-eabi/9.2.1/../../../arm-none-eabi/lib/thumb/v7e-m+dp/hard/libstdc++.a(tinfo.o)
                                          0x8 (size before relaxing)
 .ARM.exidx.text._ZNKSt9type_infoeqERKS_
                0x0000000008007724        0x0 /usr/lib/gcc/arm-none-eabi/9.2.1/../../../arm-none-eabi/lib/thumb/v7e-m+dp/hard/libstdc++.a(tinfo.o)
                                          0x8 (size before relaxing)
 .ARM.exidx.text._ZNKSt9bad_alloc4whatEv
                0x0000000008007724        0x0 /usr/lib/gcc/arm-none-eabi/9.2.1/../../../arm-none-eabi/lib/thumb/v7e-m+dp/hard/libstdc++.a(bad_alloc.o)
                                          0x8 (size before relaxing)
 .ARM.exidx.text._ZNSt9bad_allocD2Ev
                0x0000000008007724        0x0 /usr/lib/gcc/arm-none-eabi/9.2.1/../../../arm-none-eabi/lib/thumb/v7e-m+dp/hard/libstdc++.a(bad_alloc.o)
                                          0x8 (size before relaxing)
 .ARM.exidx.text._ZNSt9bad_allocD0Ev
                0x0000000008007724        0x0 /usr/lib/gcc/arm-none-eabi/9.2.1/../../../arm-none-eabi/lib/thumb/v7e-m+dp/hard/libstdc++.a(bad_alloc.o)
                                          0x8 (size before relaxing)
 .ARM.exidx.text._ZNK10__cxxabiv117__class_type_info11__do_upcastEPKS0_PPv
                0x0000000008007724        0x8 /usr/lib/gcc/arm-none-eabi/9.2.1/../../../arm-none-eabi/lib/thumb/v7e-m+dp/hard/libstdc++.a(class_type_info.o)
 .ARM.exidx.text._ZNK10__cxxabiv117__class_type_info20__do_find_public_srcEiPKvPKS0_S2_
                0x000000000800772c        0x8 /usr/lib/gcc/arm-none-eabi/9.2.1/../../../arm-none-eabi/lib/thumb/v7e-m+dp/hard/libstdc++.a(class_type_info.o)
 .ARM.exidx.text._ZN10__cxxabiv117__class_type_infoD2Ev
                0x0000000008007734        0x0 /usr/lib/gcc/arm-none-eabi/9.2.1/../../../arm-none-eabi/lib/thumb/v7e-m+dp/hard/libstdc++.a(class_type_info.o)
                                          0x8 (size before relaxing)
 .ARM.exidx.text._ZN10__cxxabiv117__class_type_infoD0Ev
                0x0000000008007734        0x0 /usr/lib/gcc/arm-none-eabi/9.2.1/../../../arm-none-eabi/lib/thumb/v7e-m+dp/hard/libstdc++.a(class_type_info.o)
                                          0x8 (size before relaxing)
 .ARM.exidx.text._ZNK10__cxxabiv117__class_type_info12__do_dyncastEiNS0_10__sub_kindEPKS0_PKvS3_S5_RNS0_16__dyncast_resultE
                0x0000000008007734        0x0 /usr/lib/gcc/arm-none-eabi/9.2.1/../../../arm-none-eabi/lib/thumb/v7e-m+dp/hard/libstdc++.a(class_type_info.o)
                                          0x8 (size before relaxing)
 .ARM.exidx.text._ZNK10__cxxabiv117__class_type_info11__do_upcastEPKS0_PKvRNS0_15__upcast_resultE
                0x0000000008007734        0x0 /usr/lib/gcc/arm-none-eabi/9.2.1/../../../arm-none-eabi/lib/thumb/v7e-m+dp/hard/libstdc++.a(class_type_info.o)
                                          0x8 (size before relaxing)
 .ARM.exidx.text._ZNK10__cxxabiv117__class_type_info10__do_catchEPKSt9type_infoPPvj
                0x0000000008007734        0x0 /usr/lib/gcc/arm-none-eabi/9.2.1/../../../arm-none-eabi/lib/thumb/v7e-m+dp/hard/libstdc++.a(class_type_info.o)
                                          0x8 (size before relaxing)
 .ARM.exidx.text._ZdlPv
                0x0000000008007734        0x0 /usr/lib/gcc/arm-none-eabi/9.2.1/../../../arm-none-eabi/lib/thumb/v7e-m+dp/hard/libstdc++.a(del_op.o)
                                          0x8 (size before relaxing)
 .ARM.exidx.text._ZN12_GLOBAL__N_14pool4freeEPv.constprop.0
                0x0000000008007734        0x0 /usr/lib/gcc/arm-none-eabi/9.2.1/../../../arm-none-eabi/lib/thumb/v7e-m+dp/hard/libstdc++.a(eh_alloc.o)
                                          0x8 (size before relaxing)
 .ARM.exidx.text._ZN12_GLOBAL__N_14pool8allocateEj.constprop.0
                0x0000000008007734        0x0 /usr/lib/gcc/arm-none-eabi/9.2.1/../../../arm-none-eabi/lib/thumb/v7e-m+dp/hard/libstdc++.a(eh_alloc.o)
                                          0x8 (size before relaxing)
 .ARM.exidx.text.__cxa_allocate_exception
                0x0000000008007734        0x0 /usr/lib/gcc/arm-none-eabi/9.2.1/../../../arm-none-eabi/lib/thumb/v7e-m+dp/hard/libstdc++.a(eh_alloc.o)
                                          0x8 (size before relaxing)
 .ARM.exidx.text.__cxa_free_exception
                0x0000000008007734        0x0 /usr/lib/gcc/arm-none-eabi/9.2.1/../../../arm-none-eabi/lib/thumb/v7e-m+dp/hard/libstdc++.a(eh_alloc.o)
                                          0x8 (size before relaxing)
 .ARM.exidx.text.startup._GLOBAL__sub_I__ZN9__gnu_cxx9__freeresEv
                0x0000000008007734        0x0 /usr/lib/gcc/arm-none-eabi/9.2.1/../../../arm-none-eabi/lib/thumb/v7e-m+dp/hard/libstdc++.a(eh_alloc.o)
                                          0x8 (size before relaxing)
 .ARM.exidx.text._ZN10__cxxabiv1L24__is_gxx_exception_classEPc
                0x0000000008007734        0x0 /usr/lib/gcc/arm-none-eabi/9.2.1/../../../arm-none-eabi/lib/thumb/v7e-m+dp/hard/libstdc++.a(eh_call.o)
                                          0x8 (size before relaxing)
 .ARM.exidx.text.__cxa_call_terminate
                0x0000000008007734        0x0 /usr/lib/gcc/arm-none-eabi/9.2.1/../../../arm-none-eabi/lib/thumb/v7e-m+dp/hard/libstdc++.a(eh_call.o)
                                          0x8 (size before relaxing)
 .ARM.exidx.text.unlikely.__cxa_call_unexpected
                0x0000000008007734        0x8 /usr/lib/gcc/arm-none-eabi/9.2.1/../../../arm-none-eabi/lib/thumb/v7e-m+dp/hard/libstdc++.a(eh_call.o)
 .ARM.exidx.text.__cxa_begin_catch
                0x000000000800773c        0x8 /usr/lib/gcc/arm-none-eabi/9.2.1/../../../arm-none-eabi/lib/thumb/v7e-m+dp/hard/libstdc++.a(eh_catch.o)
 .ARM.exidx.text.__cxa_end_catch
                0x0000000008007744        0x8 /usr/lib/gcc/arm-none-eabi/9.2.1/../../../arm-none-eabi/lib/thumb/v7e-m+dp/hard/libstdc++.a(eh_catch.o)
 .ARM.exidx.text._ZL23__gxx_exception_cleanup19_Unwind_Reason_CodeP21_Unwind_Control_Block
                0x000000000800774c        0x8 /usr/lib/gcc/arm-none-eabi/9.2.1/../../../arm-none-eabi/lib/thumb/v7e-m+dp/hard/libstdc++.a(eh_throw.o)
 .ARM.exidx.text.__cxa_init_primary_exception
                0x0000000008007754        0x8 /usr/lib/gcc/arm-none-eabi/9.2.1/../../../arm-none-eabi/lib/thumb/v7e-m+dp/hard/libstdc++.a(eh_throw.o)
 .ARM.exidx.text.__cxa_throw
                0x000000000800775c        0x8 /usr/lib/gcc/arm-none-eabi/9.2.1/../../../arm-none-eabi/lib/thumb/v7e-m+dp/hard/libstdc++.a(eh_throw.o)
 .ARM.exidx.text.__cxa_rethrow
                0x0000000008007764        0x8 /usr/lib/gcc/arm-none-eabi/9.2.1/../../../arm-none-eabi/lib/thumb/v7e-m+dp/hard/libstdc++.a(eh_throw.o)
 .ARM.exidx.text._ZSt15get_new_handlerv
                0x000000000800776c        0x8 /usr/lib/gcc/arm-none-eabi/9.2.1/../../../arm-none-eabi/lib/thumb/v7e-m+dp/hard/libstdc++.a(new_handler.o)
 .ARM.exidx     0x0000000008007594       0x80 /usr/lib/gcc/arm-none-eabi/9.2.1/thumb/v7e-m+dp/hard/libgcc.a(unwind-arm.o)
                                         0xd8 (size before relaxing)
 .ARM.exidx     0x0000000008007614       0x38 /usr/lib/gcc/arm-none-eabi/9.2.1/thumb/v7e-m+dp/hard/libgcc.a(pr-support.o)
 .ARM.exidx.text.unlikely
                0x0000000008007774        0x0 /usr/lib/gcc/arm-none-eabi/9.2.1/thumb/v7e-m+dp/hard/libgcc.a(pr-support.o)
                                         0x10 (size before relaxing)
                0x0000000008007774                __exidx_end = .

.rel.dyn        0x0000000008007774        0x0
 .rel.iplt      0x0000000008007774        0x0 /usr/lib/gcc/arm-none-eabi/9.2.1/thumb/v7e-m+dp/hard/crtbegin.o

.preinit_array  0x0000000008007774        0x0
                0x0000000008007774                PROVIDE (__preinit_array_start = .)
 *(.preinit_array*)
                0x0000000008007774                PROVIDE (__preinit_array_end = .)

.init_array     0x0000000008007774        0xc
                0x0000000008007774                PROVIDE (__init_array_start = .)
 *(SORT_BY_NAME(.init_array.*))
 .init_array.00000
                0x0000000008007774        0x4 /usr/lib/gcc/arm-none-eabi/9.2.1/../../../arm-none-eabi/lib/thumb/v7e-m+dp/hard/libc.a(lib_a-__call_atexit.o)
 *(.init_array*)
 .init_array    0x0000000008007778        0x4 /usr/lib/gcc/arm-none-eabi/9.2.1/thumb/v7e-m+dp/hard/crtbegin.o
 .init_array    0x000000000800777c        0x4 /usr/lib/gcc/arm-none-eabi/9.2.1/../../../arm-none-eabi/lib/thumb/v7e-m+dp/hard/libstdc++.a(eh_alloc.o)
                0x0000000008007780                PROVIDE (__init_array_end = .)

.fini_array     0x0000000008007780        0x4
                0x0000000008007780                PROVIDE (__fini_array_start = .)
 *(SORT_BY_NAME(.fini_array.*))
 *(.fini_array*)
 .fini_array    0x0000000008007780        0x4 /usr/lib/gcc/arm-none-eabi/9.2.1/thumb/v7e-m+dp/hard/crtbegin.o
                0x0000000008007784                PROVIDE (__fini_array_end = .)
                0x0000000008007784                _sidata = LOADADDR (.data)

.data           0x0000000020000000      0x85c load address 0x0000000008007784
                0x0000000020000000                . = ALIGN (0x4)
                0x0000000020000000                _sdata = .
 *(.data)
 .data          0x0000000020000000      0x430 /usr/lib/gcc/arm-none-eabi/9.2.1/../../../arm-none-eabi/lib/thumb/v7e-m+dp/hard/libc.a(lib_a-impure.o)
                0x0000000020000000                _impure_ptr
 .data          0x0000000020000430      0x410 /usr/lib/gcc/arm-none-eabi/9.2.1/../../../arm-none-eabi/lib/thumb/v7e-m+dp/hard/libc.a(lib_a-mallocr.o)
                0x0000000020000430                __malloc_av_
                0x0000000020000838                __malloc_sbrk_base
                0x000000002000083c                __malloc_trim_threshold
 *(.data*)
 .data.uwTickFreq
                0x0000000020000840        0x1 build/stm32h7xx_hal.o
                0x0000000020000840                uwTickFreq
 *fill*         0x0000000020000841        0x3 
 .data.uwTickPrio
                0x0000000020000844        0x4 build/stm32h7xx_hal.o
                0x0000000020000844                uwTickPrio
 .data.SystemCoreClock
                0x0000000020000848        0x4 build/system_stm32h7xx.o
                0x0000000020000848                SystemCoreClock
 .data.SystemD2Clock
                0x000000002000084c        0x4 build/system_stm32h7xx.o
                0x000000002000084c                SystemD2Clock
 .data.uxCriticalNesting
                0x0000000020000850        0x4 build/port.o
 .data._ZN10__cxxabiv120__unexpected_handlerE
                0x0000000020000854        0x4 /usr/lib/gcc/arm-none-eabi/9.2.1/../../../arm-none-eabi/lib/thumb/v7e-m+dp/hard/libstdc++.a(eh_unex_handler.o)
                0x0000000020000854                __cxxabiv1::__unexpected_handler
 .data._ZN10__cxxabiv119__terminate_handlerE
                0x0000000020000858        0x4 /usr/lib/gcc/arm-none-eabi/9.2.1/../../../arm-none-eabi/lib/thumb/v7e-m+dp/hard/libstdc++.a(eh_term_handler.o)
                0x0000000020000858                __cxxabiv1::__terminate_handler
                0x000000002000085c                . = ALIGN (0x4)
                0x000000002000085c                _edata = .

.tm_clone_table
                0x000000002000085c        0x0 load address 0x0000000008007fe0
 .tm_clone_table
                0x000000002000085c        0x0 /usr/lib/gcc/arm-none-eabi/9.2.1/thumb/v7e-m+dp/hard/crtbegin.o
 .tm_clone_table
                0x000000002000085c        0x0 /usr/lib/gcc/arm-none-eabi/9.2.1/thumb/v7e-m+dp/hard/crtend.o

.igot.plt       0x000000002000085c        0x0 load address 0x0000000008007fe0
 .igot.plt      0x000000002000085c        0x0 /usr/lib/gcc/arm-none-eabi/9.2.1/thumb/v7e-m+dp/hard/crtbegin.o
                0x000000002000085c                . = ALIGN (0x4)

.bss            0x000000002000085c     0x4cf0 load address 0x0000000008007fe0
                0x000000002000085c                _sbss = .
                0x000000002000085c                __bss_start__ = _sbss
 *(.bss)
 .bss           0x000000002000085c       0x1c /usr/lib/gcc/arm-none-eabi/9.2.1/thumb/v7e-m+dp/hard/crtbegin.o
 .bss           0x0000000020000878       0x34 /usr/lib/gcc/arm-none-eabi/9.2.1/../../../arm-none-eabi/lib/thumb/v7e-m+dp/hard/libc.a(lib_a-mallocr.o)
                0x0000000020000878                __malloc_top_pad
                0x000000002000087c                __malloc_current_mallinfo
                0x00000000200008a4                __malloc_max_sbrked_mem
                0x00000000200008a8                __malloc_max_total_mem
 .bss           0x00000000200008ac        0x4 /usr/lib/gcc/arm-none-eabi/9.2.1/../../../arm-none-eabi/lib/thumb/v7e-m+dp/hard/libnosys.a(sbrk.o)
 *(.bss*)
 .bss.pxCurrentTCB
                0x00000000200008b0        0x4 build/tasks.o
                0x00000000200008b0                pxCurrentTCB
 .bss.pxDelayedTaskList
                0x00000000200008b4        0x4 build/tasks.o
 .bss.pxOverflowDelayedTaskList
                0x00000000200008b8        0x4 build/tasks.o
 .bss.pxReadyTasksLists
                0x00000000200008bc      0x460 build/tasks.o
 .bss.uxCurrentNumberOfTasks
                0x0000000020000d1c        0x4 build/tasks.o
 .bss.uxDeletedTasksWaitingCleanUp
                0x0000000020000d20        0x4 build/tasks.o
 .bss.uxSchedulerSuspended
                0x0000000020000d24        0x4 build/tasks.o
 .bss.uxTaskNumber
                0x0000000020000d28        0x4 build/tasks.o
 .bss.uxTopReadyPriority
                0x0000000020000d2c        0x4 build/tasks.o
 .bss.xDelayedTaskList1
                0x0000000020000d30       0x14 build/tasks.o
 .bss.xDelayedTaskList2
                0x0000000020000d44       0x14 build/tasks.o
 .bss.xNextTaskUnblockTime
                0x0000000020000d58        0x4 build/tasks.o
 .bss.xNumOfOverflows
                0x0000000020000d5c        0x4 build/tasks.o
 .bss.xPendedTicks
                0x0000000020000d60        0x4 build/tasks.o
 .bss.xPendingReadyList
                0x0000000020000d64       0x14 build/tasks.o
 .bss.xSchedulerRunning
                0x0000000020000d78        0x4 build/tasks.o
 .bss.xSuspendedTaskList
                0x0000000020000d7c       0x14 build/tasks.o
 .bss.xTasksWaitingTermination
                0x0000000020000d90       0x14 build/tasks.o
 .bss.xTickCount
                0x0000000020000da4        0x4 build/tasks.o